Archive member included because of file (symbol)

C:/Microchip Starter Kits/PIC32 Starter Kits/MPLAB C32 Suite/bin/../lib/gcc/pic32mx/3.4.4/../../../../pic32mx/lib\libc.a(general-exception.o)
                              C:/Microchip Starter Kits/PIC32 Starter Kits/MPLAB C32 Suite/bin/../lib/gcc/pic32mx/3.4.4/../../../../pic32mx/lib/crt0.o (_general_exception_context)
C:/Microchip Starter Kits/PIC32 Starter Kits/MPLAB C32 Suite/bin/../lib/gcc/pic32mx/3.4.4/../../../../pic32mx/lib\libc.a(exit.o)
                              C:/Microchip Starter Kits/PIC32 Starter Kits/MPLAB C32 Suite/bin/../lib/gcc/pic32mx/3.4.4/../../../../pic32mx/lib/crt0.o (exit)
C:/Microchip Starter Kits/PIC32 Starter Kits/MPLAB C32 Suite/bin/../lib/gcc/pic32mx/3.4.4/../../../../pic32mx/lib\libc.a(_iobdata.o)
                              bullet.o (_libc_data)
C:/Microchip Starter Kits/PIC32 Starter Kits/MPLAB C32 Suite/bin/../lib/gcc/pic32mx/3.4.4/../../../../pic32mx/lib\libc.a(_iobfuncs.o)
                              C:/Microchip Starter Kits/PIC32 Starter Kits/MPLAB C32 Suite/bin/../lib/gcc/pic32mx/3.4.4/../../../../pic32mx/lib\libc.a(_iobdata.o) (_filbuf_simple)
C:/Microchip Starter Kits/PIC32 Starter Kits/MPLAB C32 Suite/bin/../lib/gcc/pic32mx/3.4.4/../../../../pic32mx/lib\libc.a(fwrite.o)
                              bullet.o (fwrite)
C:/Microchip Starter Kits/PIC32 Starter Kits/MPLAB C32 Suite/bin/../lib/gcc/pic32mx/3.4.4/../../../../pic32mx/lib\libc.a(stubs.o)
                              C:/Microchip Starter Kits/PIC32 Starter Kits/MPLAB C32 Suite/bin/../lib/gcc/pic32mx/3.4.4/../../../../pic32mx/lib\libc.a(exit.o) (pthread_mutex_lock)
C:/Microchip Starter Kits/PIC32 Starter Kits/MPLAB C32 Suite/bin/../lib/gcc/pic32mx/3.4.4/../../../../pic32mx/lib\libc.a(default-general-exception-handler.o)
                              C:/Microchip Starter Kits/PIC32 Starter Kits/MPLAB C32 Suite/bin/../lib/gcc/pic32mx/3.4.4/../../../../pic32mx/lib\libc.a(general-exception.o) (_general_exception_handler)
C:/Microchip Starter Kits/PIC32 Starter Kits/MPLAB C32 Suite/bin/../lib/gcc/pic32mx/3.4.4/../../../../pic32mx/lib\libc.a(default-bootstrap-exception-handler.o)
                              C:/Microchip Starter Kits/PIC32 Starter Kits/MPLAB C32 Suite/bin/../lib/gcc/pic32mx/3.4.4/../../../../pic32mx/lib/crt0.o (_bootstrap_exception_handler)
C:/Microchip Starter Kits/PIC32 Starter Kits/MPLAB C32 Suite/bin/../lib/gcc/pic32mx/3.4.4/../../../../pic32mx/lib\libc.a(default-on-reset.o)
                              C:/Microchip Starter Kits/PIC32 Starter Kits/MPLAB C32 Suite/bin/../lib/gcc/pic32mx/3.4.4/../../../../pic32mx/lib/crt0.o (_on_reset)
C:/Microchip Starter Kits/PIC32 Starter Kits/MPLAB C32 Suite/bin/../lib/gcc/pic32mx/3.4.4/../../../../pic32mx/lib\libc.a(default-on-bootstrap.o)
                              C:/Microchip Starter Kits/PIC32 Starter Kits/MPLAB C32 Suite/bin/../lib/gcc/pic32mx/3.4.4/../../../../pic32mx/lib/crt0.o (_on_bootstrap)
C:/Microchip Starter Kits/PIC32 Starter Kits/MPLAB C32 Suite/bin/../lib/gcc/pic32mx/3.4.4/../../../../pic32mx/lib\libc.a(default-nmi-handler.o)
                              C:/Microchip Starter Kits/PIC32 Starter Kits/MPLAB C32 Suite/bin/../lib/gcc/pic32mx/3.4.4/../../../../pic32mx/lib/crt0.o (_nmi_handler)
C:/Microchip Starter Kits/PIC32 Starter Kits/MPLAB C32 Suite/bin/../lib/gcc/pic32mx/3.4.4/../../../../pic32mx/lib\libc.a(_mon_getc.o)
                              C:/Microchip Starter Kits/PIC32 Starter Kits/MPLAB C32 Suite/bin/../lib/gcc/pic32mx/3.4.4/../../../../pic32mx/lib\libc.a(_iobfuncs.o) (_mon_getc)
C:/Microchip Starter Kits/PIC32 Starter Kits/MPLAB C32 Suite/bin/../lib/gcc/pic32mx/3.4.4/../../../../pic32mx/lib\libc.a(_mon_write.o)
                              C:/Microchip Starter Kits/PIC32 Starter Kits/MPLAB C32 Suite/bin/../lib/gcc/pic32mx/3.4.4/../../../../pic32mx/lib\libc.a(_iobfuncs.o) (_mon_write)
C:/Microchip Starter Kits/PIC32 Starter Kits/MPLAB C32 Suite/bin/../lib/gcc/pic32mx/3.4.4/../../../../pic32mx/lib\libc.a(_exit.o)
                              C:/Microchip Starter Kits/PIC32 Starter Kits/MPLAB C32 Suite/bin/../lib/gcc/pic32mx/3.4.4/../../../../pic32mx/lib\libc.a(exit.o) (_exit)
C:/Microchip Starter Kits/PIC32 Starter Kits/MPLAB C32 Suite/bin/../lib/gcc/pic32mx/3.4.4/../../../../pic32mx/lib\libc.a(errno.o)
                              C:/Microchip Starter Kits/PIC32 Starter Kits/MPLAB C32 Suite/bin/../lib/gcc/pic32mx/3.4.4/../../../../pic32mx/lib\libc.a(_iobfuncs.o) (errno)
C:/Microchip Starter Kits/PIC32 Starter Kits/MPLAB C32 Suite/bin/../lib/gcc/pic32mx/3.4.4/../../../../pic32mx/lib\libc.a(_mon_putc.o)
                              C:/Microchip Starter Kits/PIC32 Starter Kits/MPLAB C32 Suite/bin/../lib/gcc/pic32mx/3.4.4/../../../../pic32mx/lib\libc.a(_mon_write.o) (_mon_putc)
C:/Microchip Starter Kits/PIC32 Starter Kits/MPLAB C32 Suite/bin/../lib/gcc/pic32mx/3.4.4/../../../../pic32mx/lib\libm.a(dp32.o)
                              main.o (dpadd)
C:/Microchip Starter Kits/PIC32 Starter Kits/MPLAB C32 Suite/bin/../lib/gcc/pic32mx/3.4.4/../../../../pic32mx/lib\libm.a(fp32.o)
                              main.o (fpdiv)
C:/Microchip Starter Kits/PIC32 Starter Kits/MPLAB C32 Suite/bin/../lib/gcc/pic32mx/3.4.4/../../../../pic32mx/lib\libmchp_peripheral.a(read_core_timer_lib.o)
                              map.o (ReadCoreTimer)

Allocating common symbols
Common symbol       size              file

map                 0x180             map.o
bullet              0x180             bullet.o
tank1_shoot_dir     0x4               main.o
tank2               0x18              tank.o
tank2_shoot_dir     0x4               main.o
tank1_move_dir      0x4               main.o
tank2_move_dir      0x4               main.o
tank1               0x18              tank.o

Microchip PIC32 Memory-Usage Report

kseg0 Program-Memory Usage
section                    address  length [bytes]      (dec)  Description
-------                 ----------  -------------------------  -----------
.text                   0x9d000000         0x5358       21336  Application's executable code 
.rodata                 0x9d005358          0x128         296  Read-only constant data 
.data                   0x9d005480           0xf4         244  Data-initialization template 
.sdata                  0x9d005574            0x4           4  Small data-initialization template 
      Total kseg0_program_mem used  :      0x5578       21880  4.2% of 0x80000

kseg0 Boot-Memory Usage
section                    address  length [bytes]      (dec)  Description
-------                 ----------  -------------------------  -----------
.startup                0x9fc00490          0x1e0         480  C startup code 
         Total kseg0_boot_mem used  :       0x1e0         480  19.9% of 0x970

Exception-Memory Usage 
section                    address  length [bytes]      (dec)  Description
-------                 ----------  -------------------------  -----------
.app_excpt              0x9fc01180           0x10          16  General-Exception handler 
.vector_8               0x9fc01300            0x8           8  Interrupt Vector 8 
.vector_27              0x9fc01560            0x8           8  Interrupt Vector 27 
          Total exception_mem used  :        0x20          32  0.8% of 0x1000

kseg1 Boot-Memory Usage
section                    address  length [bytes]      (dec)  Description
-------                 ----------  -------------------------  -----------
.reset                  0xbfc00000           0x10          16  Reset handler 
.bev_excpt              0xbfc00380           0x10          16  BEV-Exception handler 
         Total kseg1_boot_mem used  :        0x20          32  2.7% of 0x490
        --------------------------------------------------------------------------
         Total Program Memory used  :      0x5798       22424  4.2% of 0x81e00
        --------------------------------------------------------------------------


kseg1 Data-Memory Usage
section                    address  length [bytes]      (dec)  Description
-------                 ----------  -------------------------  -----------
.data                   0xa0000000           0xf4         244  Initialized data 
.sdata                  0xa00000f4            0x4           4  Small initialized data 
.sbss                   0xa00000f8           0x58          88  Small uninitialized data 
.bss                    0xa0000150         0x12dc        4828  Uninitialized data 
.stack                  0xa000142c          0x400        1024  Minimum space reserved for stack 
         Total kseg1_data_mem used  :      0x182c        6188  4.7% of 0x20000
        --------------------------------------------------------------------------
            Total Data Memory used  :      0x182c        6188  4.7% of 0x20000
        --------------------------------------------------------------------------

Memory Configuration

Name             Origin             Length             Attributes
kseg0_program_mem 0x9d000000         0x00080000         xr
kseg0_boot_mem   0x9fc00490         0x00000970
exception_mem    0x9fc01000         0x00001000
kseg1_boot_mem   0xbfc00000         0x00000490
debug_exec_mem   0xbfc02000         0x00000ff0
config3          0xbfc02ff0         0x00000004
config2          0xbfc02ff4         0x00000004
config1          0xbfc02ff8         0x00000004
config0          0xbfc02ffc         0x00000004
kseg1_data_mem   0xa0000000         0x00020000         w !x
sfrs             0xbf800000         0x00100000
configsfrs       0xbfc02ff0         0x00000010
*default*        0x00000000         0xffffffff

Linker script and memory map

LOAD C:/Microchip Starter Kits/PIC32 Starter Kits/MPLAB C32 Suite/bin/../lib/gcc/pic32mx/3.4.4/../../../../pic32mx/lib/crt0.o
LOAD bullet.o
LOAD game.o
LOAD main.o
LOAD map.o
LOAD tank.o
                0x00000001                __MPLAB_BUILD = 0x1
                0x00000001                __MPLAB_DEBUG = 0x1
LOAD C:/Microchip Starter Kits/PIC32 Starter Kits/MPLAB C32 Suite/bin/../lib/gcc/pic32mx/3.4.4\libgcc.a
START GROUP
LOAD C:/Microchip Starter Kits/PIC32 Starter Kits/MPLAB C32 Suite/bin/../lib/gcc/pic32mx/3.4.4/../../../../pic32mx/lib\libdebug.a
LOAD C:/Microchip Starter Kits/PIC32 Starter Kits/MPLAB C32 Suite/bin/../lib/gcc/pic32mx/3.4.4/../../../../pic32mx/lib\libc.a
LOAD C:/Microchip Starter Kits/PIC32 Starter Kits/MPLAB C32 Suite/bin/../lib/gcc/pic32mx/3.4.4/../../../../pic32mx/lib\libm.a
LOAD C:/Microchip Starter Kits/PIC32 Starter Kits/MPLAB C32 Suite/bin/../lib/gcc/pic32mx/3.4.4/../../../../pic32mx/lib\libe.a
LOAD C:/Microchip Starter Kits/PIC32 Starter Kits/MPLAB C32 Suite/bin/../lib/gcc/pic32mx/3.4.4/../../../../pic32mx/lib\libdsp.a
LOAD C:/Microchip Starter Kits/PIC32 Starter Kits/MPLAB C32 Suite/bin/../lib/gcc/pic32mx/3.4.4/../../../../pic32mx/lib\libmchp_peripheral.a
LOAD C:/Microchip Starter Kits/PIC32 Starter Kits/MPLAB C32 Suite/bin/../lib/gcc/pic32mx/3.4.4/../../../../pic32mx/lib\libmchp_peripheral_32MX795F512L.a
END GROUP
LOAD C:/Microchip Starter Kits/PIC32 Starter Kits/MPLAB C32 Suite/bin/../lib/gcc/pic32mx/3.4.4\libgcc.a
                0x00000400                PROVIDE (_min_stack_size, 0x400)
                0x00000000                PROVIDE (_min_heap_size, 0x0)
LOAD C:/Microchip Starter Kits/PIC32 Starter Kits/MPLAB C32 Suite/bin/../lib/gcc/pic32mx/3.4.4/../../../../pic32mx/lib/./proc/32MX795F512L\processor.o
                0x00000001                PROVIDE (_vector_spacing, 0x1)
                0x9fc01000                _ebase_address = 0x9fc01000
                0xbfc00000                _RESET_ADDR = 0xbfc00000
                0xbfc00380                _BEV_EXCPT_ADDR = 0xbfc00380
                0xbfc00480                _DBG_EXCPT_ADDR = 0xbfc00480
                0xbfc02000                _DBG_CODE_ADDR = 0xbfc02000
                0x9fc01180                _GEN_EXCPT_ADDR = (_ebase_address + 0x180)

.config_BFC02FF0
 *(.config_BFC02FF0)

.config_BFC02FF4
 *(.config_BFC02FF4)

.config_BFC02FF8
 *(.config_BFC02FF8)

.config_BFC02FFC
 *(.config_BFC02FFC)

.reset          0xbfc00000       0x10
 *(.reset)
 .reset         0xbfc00000       0x10 C:/Microchip Starter Kits/PIC32 Starter Kits/MPLAB C32 Suite/bin/../lib/gcc/pic32mx/3.4.4/../../../../pic32mx/lib/crt0.o
                0xbfc00000                _reset

.bev_excpt      0xbfc00380       0x10
 *(.bev_handler)
 .bev_handler   0xbfc00380       0x10 C:/Microchip Starter Kits/PIC32 Starter Kits/MPLAB C32 Suite/bin/../lib/gcc/pic32mx/3.4.4/../../../../pic32mx/lib/crt0.o

.dbg_excpt      0xbfc00480        0x0
                0xbfc00480                . = (. + DEFINED (_DEBUGGER)?0x8:0x0)

.dbg_code       0xbfc02000        0x0
                0xbfc02000                . = (. + DEFINED (_DEBUGGER)?0xff0:0x0)

.app_excpt      0x9fc01180       0x10
 *(.gen_handler)
 .gen_handler   0x9fc01180       0x10 C:/Microchip Starter Kits/PIC32 Starter Kits/MPLAB C32 Suite/bin/../lib/gcc/pic32mx/3.4.4/../../../../pic32mx/lib/crt0.o

.vector_0       0x9fc01200        0x0
 *(.vector_0)
                0x00000001                ASSERT (((_vector_spacing == 0x0) || (SIZEOF (.vector_0) <= (_vector_spacing << 0x5))), function at exception vector 0 too large)

.vector_1       0x9fc01220        0x0
 *(.vector_1)
                0x00000001                ASSERT (((_vector_spacing == 0x0) || (SIZEOF (.vector_1) <= (_vector_spacing << 0x5))), function at exception vector 1 too large)

.vector_2       0x9fc01240        0x0
 *(.vector_2)
                0x00000001                ASSERT (((_vector_spacing == 0x0) || (SIZEOF (.vector_2) <= (_vector_spacing << 0x5))), function at exception vector 2 too large)

.vector_3       0x9fc01260        0x0
 *(.vector_3)
                0x00000001                ASSERT (((_vector_spacing == 0x0) || (SIZEOF (.vector_3) <= (_vector_spacing << 0x5))), function at exception vector 3 too large)

.vector_4       0x9fc01280        0x0
 *(.vector_4)
                0x00000001                ASSERT (((_vector_spacing == 0x0) || (SIZEOF (.vector_4) <= (_vector_spacing << 0x5))), function at exception vector 4 too large)

.vector_5       0x9fc012a0        0x0
 *(.vector_5)
                0x00000001                ASSERT (((_vector_spacing == 0x0) || (SIZEOF (.vector_5) <= (_vector_spacing << 0x5))), function at exception vector 5 too large)

.vector_6       0x9fc012c0        0x0
 *(.vector_6)
                0x00000001                ASSERT (((_vector_spacing == 0x0) || (SIZEOF (.vector_6) <= (_vector_spacing << 0x5))), function at exception vector 6 too large)

.vector_7       0x9fc012e0        0x0
 *(.vector_7)
                0x00000001                ASSERT (((_vector_spacing == 0x0) || (SIZEOF (.vector_7) <= (_vector_spacing << 0x5))), function at exception vector 7 too large)

.vector_8       0x9fc01300        0x8
 *(.vector_8)
 .vector_8      0x9fc01300        0x8 main.o
                0x00000001                ASSERT (((_vector_spacing == 0x0) || (SIZEOF (.vector_8) <= (_vector_spacing << 0x5))), function at exception vector 8 too large)

.vector_9       0x9fc01320        0x0
 *(.vector_9)
                0x00000001                ASSERT (((_vector_spacing == 0x0) || (SIZEOF (.vector_9) <= (_vector_spacing << 0x5))), function at exception vector 9 too large)

.vector_10      0x9fc01340        0x0
 *(.vector_10)
                0x00000001                ASSERT (((_vector_spacing == 0x0) || (SIZEOF (.vector_10) <= (_vector_spacing << 0x5))), function at exception vector 10 too large)

.vector_11      0x9fc01360        0x0
 *(.vector_11)
                0x00000001                ASSERT (((_vector_spacing == 0x0) || (SIZEOF (.vector_11) <= (_vector_spacing << 0x5))), function at exception vector 11 too large)

.vector_12      0x9fc01380        0x0
 *(.vector_12)
                0x00000001                ASSERT (((_vector_spacing == 0x0) || (SIZEOF (.vector_12) <= (_vector_spacing << 0x5))), function at exception vector 12 too large)

.vector_13      0x9fc013a0        0x0
 *(.vector_13)
                0x00000001                ASSERT (((_vector_spacing == 0x0) || (SIZEOF (.vector_13) <= (_vector_spacing << 0x5))), function at exception vector 13 too large)

.vector_14      0x9fc013c0        0x0
 *(.vector_14)
                0x00000001                ASSERT (((_vector_spacing == 0x0) || (SIZEOF (.vector_14) <= (_vector_spacing << 0x5))), function at exception vector 14 too large)

.vector_15      0x9fc013e0        0x0
 *(.vector_15)
                0x00000001                ASSERT (((_vector_spacing == 0x0) || (SIZEOF (.vector_15) <= (_vector_spacing << 0x5))), function at exception vector 15 too large)

.vector_16      0x9fc01400        0x0
 *(.vector_16)
                0x00000001                ASSERT (((_vector_spacing == 0x0) || (SIZEOF (.vector_16) <= (_vector_spacing << 0x5))), function at exception vector 16 too large)

.vector_17      0x9fc01420        0x0
 *(.vector_17)
                0x00000001                ASSERT (((_vector_spacing == 0x0) || (SIZEOF (.vector_17) <= (_vector_spacing << 0x5))), function at exception vector 17 too large)

.vector_18      0x9fc01440        0x0
 *(.vector_18)
                0x00000001                ASSERT (((_vector_spacing == 0x0) || (SIZEOF (.vector_18) <= (_vector_spacing << 0x5))), function at exception vector 18 too large)

.vector_19      0x9fc01460        0x0
 *(.vector_19)
                0x00000001                ASSERT (((_vector_spacing == 0x0) || (SIZEOF (.vector_19) <= (_vector_spacing << 0x5))), function at exception vector 19 too large)

.vector_20      0x9fc01480        0x0
 *(.vector_20)
                0x00000001                ASSERT (((_vector_spacing == 0x0) || (SIZEOF (.vector_20) <= (_vector_spacing << 0x5))), function at exception vector 20 too large)

.vector_21      0x9fc014a0        0x0
 *(.vector_21)
                0x00000001                ASSERT (((_vector_spacing == 0x0) || (SIZEOF (.vector_21) <= (_vector_spacing << 0x5))), function at exception vector 21 too large)

.vector_22      0x9fc014c0        0x0
 *(.vector_22)
                0x00000001                ASSERT (((_vector_spacing == 0x0) || (SIZEOF (.vector_22) <= (_vector_spacing << 0x5))), function at exception vector 22 too large)

.vector_23      0x9fc014e0        0x0
 *(.vector_23)
                0x00000001                ASSERT (((_vector_spacing == 0x0) || (SIZEOF (.vector_23) <= (_vector_spacing << 0x5))), function at exception vector 23 too large)

.vector_24      0x9fc01500        0x0
 *(.vector_24)
                0x00000001                ASSERT (((_vector_spacing == 0x0) || (SIZEOF (.vector_24) <= (_vector_spacing << 0x5))), function at exception vector 24 too large)

.vector_25      0x9fc01520        0x0
 *(.vector_25)
                0x00000001                ASSERT (((_vector_spacing == 0x0) || (SIZEOF (.vector_25) <= (_vector_spacing << 0x5))), function at exception vector 25 too large)

.vector_26      0x9fc01540        0x0
 *(.vector_26)
                0x00000001                ASSERT (((_vector_spacing == 0x0) || (SIZEOF (.vector_26) <= (_vector_spacing << 0x5))), function at exception vector 26 too large)

.vector_27      0x9fc01560        0x8
 *(.vector_27)
 .vector_27     0x9fc01560        0x8 main.o
                0x00000001                ASSERT (((_vector_spacing == 0x0) || (SIZEOF (.vector_27) <= (_vector_spacing << 0x5))), function at exception vector 27 too large)

.vector_28      0x9fc01580        0x0
 *(.vector_28)
                0x00000001                ASSERT (((_vector_spacing == 0x0) || (SIZEOF (.vector_28) <= (_vector_spacing << 0x5))), function at exception vector 28 too large)

.vector_29      0x9fc015a0        0x0
 *(.vector_29)
                0x00000001                ASSERT (((_vector_spacing == 0x0) || (SIZEOF (.vector_29) <= (_vector_spacing << 0x5))), function at exception vector 29 too large)

.vector_30      0x9fc015c0        0x0
 *(.vector_30)
                0x00000001                ASSERT (((_vector_spacing == 0x0) || (SIZEOF (.vector_30) <= (_vector_spacing << 0x5))), function at exception vector 30 too large)

.vector_31      0x9fc015e0        0x0
 *(.vector_31)
                0x00000001                ASSERT (((_vector_spacing == 0x0) || (SIZEOF (.vector_31) <= (_vector_spacing << 0x5))), function at exception vector 31 too large)

.vector_32      0x9fc01600        0x0
 *(.vector_32)
                0x00000001                ASSERT (((_vector_spacing == 0x0) || (SIZEOF (.vector_32) <= (_vector_spacing << 0x5))), function at exception vector 32 too large)

.vector_33      0x9fc01620        0x0
 *(.vector_33)
                0x00000001                ASSERT (((_vector_spacing == 0x0) || (SIZEOF (.vector_33) <= (_vector_spacing << 0x5))), function at exception vector 33 too large)

.vector_34      0x9fc01640        0x0
 *(.vector_34)
                0x00000001                ASSERT (((_vector_spacing == 0x0) || (SIZEOF (.vector_34) <= (_vector_spacing << 0x5))), function at exception vector 34 too large)

.vector_35      0x9fc01660        0x0
 *(.vector_35)
                0x00000001                ASSERT (((_vector_spacing == 0x0) || (SIZEOF (.vector_35) <= (_vector_spacing << 0x5))), function at exception vector 35 too large)

.vector_36      0x9fc01680        0x0
 *(.vector_36)
                0x00000001                ASSERT (((_vector_spacing == 0x0) || (SIZEOF (.vector_36) <= (_vector_spacing << 0x5))), function at exception vector 36 too large)

.vector_37      0x9fc016a0        0x0
 *(.vector_37)
                0x00000001                ASSERT (((_vector_spacing == 0x0) || (SIZEOF (.vector_37) <= (_vector_spacing << 0x5))), function at exception vector 37 too large)

.vector_38      0x9fc016c0        0x0
 *(.vector_38)
                0x00000001                ASSERT (((_vector_spacing == 0x0) || (SIZEOF (.vector_38) <= (_vector_spacing << 0x5))), function at exception vector 38 too large)

.vector_39      0x9fc016e0        0x0
 *(.vector_39)
                0x00000001                ASSERT (((_vector_spacing == 0x0) || (SIZEOF (.vector_39) <= (_vector_spacing << 0x5))), function at exception vector 39 too large)

.vector_40      0x9fc01700        0x0
 *(.vector_40)
                0x00000001                ASSERT (((_vector_spacing == 0x0) || (SIZEOF (.vector_40) <= (_vector_spacing << 0x5))), function at exception vector 40 too large)

.vector_41      0x9fc01720        0x0
 *(.vector_41)
                0x00000001                ASSERT (((_vector_spacing == 0x0) || (SIZEOF (.vector_41) <= (_vector_spacing << 0x5))), function at exception vector 41 too large)

.vector_42      0x9fc01740        0x0
 *(.vector_42)
                0x00000001                ASSERT (((_vector_spacing == 0x0) || (SIZEOF (.vector_42) <= (_vector_spacing << 0x5))), function at exception vector 42 too large)

.vector_43      0x9fc01760        0x0
 *(.vector_43)
                0x00000001                ASSERT (((_vector_spacing == 0x0) || (SIZEOF (.vector_43) <= (_vector_spacing << 0x5))), function at exception vector 43 too large)

.vector_44      0x9fc01780        0x0
 *(.vector_44)
                0x00000001                ASSERT (((_vector_spacing == 0x0) || (SIZEOF (.vector_44) <= (_vector_spacing << 0x5))), function at exception vector 44 too large)

.vector_45      0x9fc017a0        0x0
 *(.vector_45)
                0x00000001                ASSERT (((_vector_spacing == 0x0) || (SIZEOF (.vector_45) <= (_vector_spacing << 0x5))), function at exception vector 45 too large)

.vector_46      0x9fc017c0        0x0
 *(.vector_46)
                0x00000001                ASSERT (((_vector_spacing == 0x0) || (SIZEOF (.vector_46) <= (_vector_spacing << 0x5))), function at exception vector 46 too large)

.vector_47      0x9fc017e0        0x0
 *(.vector_47)
                0x00000001                ASSERT (((_vector_spacing == 0x0) || (SIZEOF (.vector_47) <= (_vector_spacing << 0x5))), function at exception vector 47 too large)

.vector_48      0x9fc01800        0x0
 *(.vector_48)
                0x00000001                ASSERT (((_vector_spacing == 0x0) || (SIZEOF (.vector_48) <= (_vector_spacing << 0x5))), function at exception vector 48 too large)

.vector_49      0x9fc01820        0x0
 *(.vector_49)
                0x00000001                ASSERT (((_vector_spacing == 0x0) || (SIZEOF (.vector_49) <= (_vector_spacing << 0x5))), function at exception vector 49 too large)

.vector_50      0x9fc01840        0x0
 *(.vector_50)
                0x00000001                ASSERT (((_vector_spacing == 0x0) || (SIZEOF (.vector_50) <= (_vector_spacing << 0x5))), function at exception vector 50 too large)

.vector_51      0x9fc01860        0x0
 *(.vector_51)
                0x00000001                ASSERT (((_vector_spacing == 0x0) || (SIZEOF (.vector_51) <= (_vector_spacing << 0x5))), function at exception vector 51 too large)

.vector_52      0x9fc01880        0x0
 *(.vector_52)
                0x00000001                ASSERT (((_vector_spacing == 0x0) || (SIZEOF (.vector_52) <= (_vector_spacing << 0x5))), function at exception vector 52 too large)

.vector_53      0x9fc018a0        0x0
 *(.vector_53)
                0x00000001                ASSERT (((_vector_spacing == 0x0) || (SIZEOF (.vector_53) <= (_vector_spacing << 0x5))), function at exception vector 53 too large)

.vector_54      0x9fc018c0        0x0
 *(.vector_54)
                0x00000001                ASSERT (((_vector_spacing == 0x0) || (SIZEOF (.vector_54) <= (_vector_spacing << 0x5))), function at exception vector 54 too large)

.vector_55      0x9fc018e0        0x0
 *(.vector_55)
                0x00000001                ASSERT (((_vector_spacing == 0x0) || (SIZEOF (.vector_55) <= (_vector_spacing << 0x5))), function at exception vector 55 too large)

.vector_56      0x9fc01900        0x0
 *(.vector_56)
                0x00000001                ASSERT (((_vector_spacing == 0x0) || (SIZEOF (.vector_56) <= (_vector_spacing << 0x5))), function at exception vector 56 too large)

.vector_57      0x9fc01920        0x0
 *(.vector_57)
                0x00000001                ASSERT (((_vector_spacing == 0x0) || (SIZEOF (.vector_57) <= (_vector_spacing << 0x5))), function at exception vector 57 too large)

.vector_58      0x9fc01940        0x0
 *(.vector_58)
                0x00000001                ASSERT (((_vector_spacing == 0x0) || (SIZEOF (.vector_58) <= (_vector_spacing << 0x5))), function at exception vector 58 too large)

.vector_59      0x9fc01960        0x0
 *(.vector_59)
                0x00000001                ASSERT (((_vector_spacing == 0x0) || (SIZEOF (.vector_59) <= (_vector_spacing << 0x5))), function at exception vector 59 too large)

.vector_60      0x9fc01980        0x0
 *(.vector_60)
                0x00000001                ASSERT (((_vector_spacing == 0x0) || (SIZEOF (.vector_60) <= (_vector_spacing << 0x5))), function at exception vector 60 too large)

.vector_61      0x9fc019a0        0x0
 *(.vector_61)
                0x00000001                ASSERT (((_vector_spacing == 0x0) || (SIZEOF (.vector_61) <= (_vector_spacing << 0x5))), function at exception vector 61 too large)

.vector_62      0x9fc019c0        0x0
 *(.vector_62)
                0x00000001                ASSERT (((_vector_spacing == 0x0) || (SIZEOF (.vector_62) <= (_vector_spacing << 0x5))), function at exception vector 62 too large)

.vector_63      0x9fc019e0        0x0
 *(.vector_63)
                0x00000001                ASSERT (((_vector_spacing == 0x0) || (SIZEOF (.vector_63) <= (_vector_spacing << 0x5))), function at exception vector 63 too large)

.startup        0x9fc00490      0x1e0
 *(.startup)
 .startup       0x9fc00490      0x1e0 C:/Microchip Starter Kits/PIC32 Starter Kits/MPLAB C32 Suite/bin/../lib/gcc/pic32mx/3.4.4/../../../../pic32mx/lib/crt0.o

.text           0x9d000000     0x5358
                0x9d000000                _text_begin = .
 *(.text .stub .text.* .gnu.linkonce.t.*)
 .text          0x9d000000       0x18 C:/Microchip Starter Kits/PIC32 Starter Kits/MPLAB C32 Suite/bin/../lib/gcc/pic32mx/3.4.4/../../../../pic32mx/lib/crt0.o
 .text          0x9d000018      0xb2c bullet.o
                0x9d000018                InitBulletStat
                0x9d0000b8                UpdateBulletStat
 .text          0x9d000b44      0x168 game.o
                0x9d000b44                GameStart
                0x9d000c24                GameRound
                0x9d000b84                CheckGameStat
 .text          0x9d000cac     0x1260 main.o
                0x9d001e7c                CN_handler
                0x9d001c10                PWM_ISR
                0x9d001eec                InitHareware
                0x9d001ecc                main
                0x9d001bb0                UpdateTankDir
                0x9d001a1c                ADC_config
                0x9d000cac                AN_ISR
                0x9d001cf0                PWM_config
 .text          0x9d001f0c      0x9cc map.o
                0x9d001f0c                DelayUsec
                0x9d002680                SendMap
                0x9d001ffc                initIntGlobal
                0x9d00202c                U1_TX
                0x9d0021c8                UpdateMapStat
                0x9d0020f4                InitMapStat
                0x9d0022a4                MapTransform
                0x9d00207c                UART_init
                0x9d001f88                DelayMsec
 .text          0x9d0028d8      0xb20 tank.o
                0x9d0028d8                InitTankStat
                0x9d002f08                TankShoot
                0x9d002a1c                TankMove
                0x9d00339c                TakeDamage
 .text.general_exception
                0x9d0033f8       0xd0 C:/Microchip Starter Kits/PIC32 Starter Kits/MPLAB C32 Suite/bin/../lib/gcc/pic32mx/3.4.4/../../../../pic32mx/lib\libc.a(general-exception.o)
                0x9d0033f8                _general_exception_context
 .text.exit     0x9d0034c8       0xa4 C:/Microchip Starter Kits/PIC32 Starter Kits/MPLAB C32 Suite/bin/../lib/gcc/pic32mx/3.4.4/../../../../pic32mx/lib\libc.a(exit.o)
                0x9d0034c8                exit
 .text._filbuf_simple
                0x9d00356c       0x28 C:/Microchip Starter Kits/PIC32 Starter Kits/MPLAB C32 Suite/bin/../lib/gcc/pic32mx/3.4.4/../../../../pic32mx/lib\libc.a(_iobfuncs.o)
                0x9d00356c                _filbuf_simple
 .text._fflush_simple
                0x9d003594       0x68 C:/Microchip Starter Kits/PIC32 Starter Kits/MPLAB C32 Suite/bin/../lib/gcc/pic32mx/3.4.4/../../../../pic32mx/lib\libc.a(_iobfuncs.o)
                0x9d003594                _fflush_simple
 .text._flsbuf_simple
                0x9d0035fc       0xe8 C:/Microchip Starter Kits/PIC32 Starter Kits/MPLAB C32 Suite/bin/../lib/gcc/pic32mx/3.4.4/../../../../pic32mx/lib\libc.a(_iobfuncs.o)
                0x9d0035fc                _flsbuf_simple
 .text._fwrite_simple
                0x9d0036e4       0x84 C:/Microchip Starter Kits/PIC32 Starter Kits/MPLAB C32 Suite/bin/../lib/gcc/pic32mx/3.4.4/../../../../pic32mx/lib\libc.a(_iobfuncs.o)
                0x9d0036e4                _fwrite_simple
 .text._fsync_simple
                0x9d003768       0x34 C:/Microchip Starter Kits/PIC32 Starter Kits/MPLAB C32 Suite/bin/../lib/gcc/pic32mx/3.4.4/../../../../pic32mx/lib\libc.a(_iobfuncs.o)
                0x9d003768                _fsync_simple
 .text.fwrite   0x9d00379c       0x10 C:/Microchip Starter Kits/PIC32 Starter Kits/MPLAB C32 Suite/bin/../lib/gcc/pic32mx/3.4.4/../../../../pic32mx/lib\libc.a(fwrite.o)
                0x9d00379c                fwrite
 .text._weak_pthread_mutex_init
                0x9d0037ac        0x8 C:/Microchip Starter Kits/PIC32 Starter Kits/MPLAB C32 Suite/bin/../lib/gcc/pic32mx/3.4.4/../../../../pic32mx/lib\libc.a(stubs.o)
                0x9d0037ac                _weak_pthread_mutex_init
                0x9d0037ac                pthread_mutex_init
 .text._weak_pthread_mutex_destroy
                0x9d0037b4        0x8 C:/Microchip Starter Kits/PIC32 Starter Kits/MPLAB C32 Suite/bin/../lib/gcc/pic32mx/3.4.4/../../../../pic32mx/lib\libc.a(stubs.o)
                0x9d0037b4                _weak_pthread_mutex_destroy
                0x9d0037b4                pthread_mutex_destroy
 .text._weak_pthread_mutex_lock
                0x9d0037bc        0x8 C:/Microchip Starter Kits/PIC32 Starter Kits/MPLAB C32 Suite/bin/../lib/gcc/pic32mx/3.4.4/../../../../pic32mx/lib\libc.a(stubs.o)
                0x9d0037bc                _weak_pthread_mutex_lock
                0x9d0037bc                pthread_mutex_lock
 .text._weak_pthread_mutex_trylock
                0x9d0037c4        0x8 C:/Microchip Starter Kits/PIC32 Starter Kits/MPLAB C32 Suite/bin/../lib/gcc/pic32mx/3.4.4/../../../../pic32mx/lib\libc.a(stubs.o)
                0x9d0037c4                _weak_pthread_mutex_trylock
                0x9d0037c4                pthread_mutex_trylock
 .text._weak_pthread_mutex_unlock
                0x9d0037cc        0x8 C:/Microchip Starter Kits/PIC32 Starter Kits/MPLAB C32 Suite/bin/../lib/gcc/pic32mx/3.4.4/../../../../pic32mx/lib\libc.a(stubs.o)
                0x9d0037cc                _weak_pthread_mutex_unlock
                0x9d0037cc                pthread_mutex_unlock
 .text._weak_pthread_mutex_setname_np
                0x9d0037d4        0x8 C:/Microchip Starter Kits/PIC32 Starter Kits/MPLAB C32 Suite/bin/../lib/gcc/pic32mx/3.4.4/../../../../pic32mx/lib\libc.a(stubs.o)
                0x9d0037d4                pthread_mutex_setname_np
                0x9d0037d4                _weak_pthread_mutex_setname_np
 .text._weak_pthread_mutexattr_init
                0x9d0037dc        0x8 C:/Microchip Starter Kits/PIC32 Starter Kits/MPLAB C32 Suite/bin/../lib/gcc/pic32mx/3.4.4/../../../../pic32mx/lib\libc.a(stubs.o)
                0x9d0037dc                _weak_pthread_mutexattr_init
                0x9d0037dc                pthread_mutexattr_init
 .text._weak_pthread_mutexattr_destroy
                0x9d0037e4        0x8 C:/Microchip Starter Kits/PIC32 Starter Kits/MPLAB C32 Suite/bin/../lib/gcc/pic32mx/3.4.4/../../../../pic32mx/lib\libc.a(stubs.o)
                0x9d0037e4                pthread_mutexattr_destroy
                0x9d0037e4                _weak_pthread_mutexattr_destroy
 .text._weak_pthread_mutexattr_setname_np
                0x9d0037ec        0x8 C:/Microchip Starter Kits/PIC32 Starter Kits/MPLAB C32 Suite/bin/../lib/gcc/pic32mx/3.4.4/../../../../pic32mx/lib\libc.a(stubs.o)
                0x9d0037ec                _weak_pthread_mutexattr_setname_np
                0x9d0037ec                pthread_mutexattr_setname_np
 .text._weak_pthread_mutexattr_settype_np
                0x9d0037f4        0x8 C:/Microchip Starter Kits/PIC32 Starter Kits/MPLAB C32 Suite/bin/../lib/gcc/pic32mx/3.4.4/../../../../pic32mx/lib\libc.a(stubs.o)
                0x9d0037f4                _weak_pthread_mutexattr_settype_np
                0x9d0037f4                pthread_mutexattr_settype_np
 .text._weak_pthread_sysconf_np
                0x9d0037fc        0x8 C:/Microchip Starter Kits/PIC32 Starter Kits/MPLAB C32 Suite/bin/../lib/gcc/pic32mx/3.4.4/../../../../pic32mx/lib\libc.a(stubs.o)
                0x9d0037fc                _weak_pthread_sysconf_np
                0x9d0037fc                pthread_sysconf_np
 .text._weak_pthread_sigdisable_np
                0x9d003804        0x8 C:/Microchip Starter Kits/PIC32 Starter Kits/MPLAB C32 Suite/bin/../lib/gcc/pic32mx/3.4.4/../../../../pic32mx/lib\libc.a(stubs.o)
                0x9d003804                _weak_pthread_sigdisable_np
                0x9d003804                pthread_sigdisable_np
 .text._weak_pthread_sigrestore_np
                0x9d00380c        0x8 C:/Microchip Starter Kits/PIC32 Starter Kits/MPLAB C32 Suite/bin/../lib/gcc/pic32mx/3.4.4/../../../../pic32mx/lib\libc.a(stubs.o)
                0x9d00380c                pthread_sigrestore_np
                0x9d00380c                _weak_pthread_sigrestore_np
 .text._weak__pthread_cleanup_push
                0x9d003814        0x8 C:/Microchip Starter Kits/PIC32 Starter Kits/MPLAB C32 Suite/bin/../lib/gcc/pic32mx/3.4.4/../../../../pic32mx/lib\libc.a(stubs.o)
                0x9d003814                _weak__pthread_cleanup_push
                0x9d003814                _pthread_cleanup_push
 .text._weak__pthread_cleanup_pop
                0x9d00381c        0x8 C:/Microchip Starter Kits/PIC32 Starter Kits/MPLAB C32 Suite/bin/../lib/gcc/pic32mx/3.4.4/../../../../pic32mx/lib\libc.a(stubs.o)
                0x9d00381c                _pthread_cleanup_pop
                0x9d00381c                _weak__pthread_cleanup_pop
 .text._weak__pthread_cleanup_push_defer
                0x9d003824        0x8 C:/Microchip Starter Kits/PIC32 Starter Kits/MPLAB C32 Suite/bin/../lib/gcc/pic32mx/3.4.4/../../../../pic32mx/lib\libc.a(stubs.o)
                0x9d003824                _weak__pthread_cleanup_push_defer
                0x9d003824                _pthread_cleanup_push_defer
 .text._weak__pthread_cleanup_pop_restore
                0x9d00382c        0x8 C:/Microchip Starter Kits/PIC32 Starter Kits/MPLAB C32 Suite/bin/../lib/gcc/pic32mx/3.4.4/../../../../pic32mx/lib\libc.a(stubs.o)
                0x9d00382c                _pthread_cleanup_pop_restore
                0x9d00382c                _weak__pthread_cleanup_pop_restore
 .text._weak_pthread_once
                0x9d003834       0x2c C:/Microchip Starter Kits/PIC32 Starter Kits/MPLAB C32 Suite/bin/../lib/gcc/pic32mx/3.4.4/../../../../pic32mx/lib\libc.a(stubs.o)
                0x9d003834                _weak_pthread_once
                0x9d003834                pthread_once
                0x9d003834                _pthread_once
 .text._weak_pthread_key_create
                0x9d003860        0x8 C:/Microchip Starter Kits/PIC32 Starter Kits/MPLAB C32 Suite/bin/../lib/gcc/pic32mx/3.4.4/../../../../pic32mx/lib\libc.a(stubs.o)
                0x9d003860                pthread_key_create
                0x9d003860                _weak_pthread_key_create
 .text._weak_pthread_setspecific
                0x9d003868        0x8 C:/Microchip Starter Kits/PIC32 Starter Kits/MPLAB C32 Suite/bin/../lib/gcc/pic32mx/3.4.4/../../../../pic32mx/lib\libc.a(stubs.o)
                0x9d003868                _weak_pthread_setspecific
                0x9d003868                pthread_setspecific
 .text._weak_pthread_getspecific
                0x9d003870        0x8 C:/Microchip Starter Kits/PIC32 Starter Kits/MPLAB C32 Suite/bin/../lib/gcc/pic32mx/3.4.4/../../../../pic32mx/lib\libc.a(stubs.o)
                0x9d003870                pthread_getspecific
                0x9d003870                _weak_pthread_getspecific
 .text._weak__libc_private_storage
                0x9d003878        0x8 C:/Microchip Starter Kits/PIC32 Starter Kits/MPLAB C32 Suite/bin/../lib/gcc/pic32mx/3.4.4/../../../../pic32mx/lib\libc.a(stubs.o)
                0x9d003878                _libc_private_storage
                0x9d003878                _weak__libc_private_storage
 .text._general_exception_handler
                0x9d003880        0x8 C:/Microchip Starter Kits/PIC32 Starter Kits/MPLAB C32 Suite/bin/../lib/gcc/pic32mx/3.4.4/../../../../pic32mx/lib\libc.a(default-general-exception-handler.o)
                0x9d003880                _general_exception_handler
 .text._bootstrap_exception_handler
                0x9d003888        0x8 C:/Microchip Starter Kits/PIC32 Starter Kits/MPLAB C32 Suite/bin/../lib/gcc/pic32mx/3.4.4/../../../../pic32mx/lib\libc.a(default-bootstrap-exception-handler.o)
                0x9d003888                _bootstrap_exception_handler
 .text._on_reset
                0x9d003890        0x8 C:/Microchip Starter Kits/PIC32 Starter Kits/MPLAB C32 Suite/bin/../lib/gcc/pic32mx/3.4.4/../../../../pic32mx/lib\libc.a(default-on-reset.o)
                0x9d003890                _on_reset
 .text._on_bootstrap
                0x9d003898        0x8 C:/Microchip Starter Kits/PIC32 Starter Kits/MPLAB C32 Suite/bin/../lib/gcc/pic32mx/3.4.4/../../../../pic32mx/lib\libc.a(default-on-bootstrap.o)
                0x9d003898                _on_bootstrap
 .text          0x9d0038a0       0x18 C:/Microchip Starter Kits/PIC32 Starter Kits/MPLAB C32 Suite/bin/../lib/gcc/pic32mx/3.4.4/../../../../pic32mx/lib\libc.a(default-nmi-handler.o)
                0x9d0038a0                _nmi_handler
 .text._mon_getc
                0x9d0038b8        0x8 C:/Microchip Starter Kits/PIC32 Starter Kits/MPLAB C32 Suite/bin/../lib/gcc/pic32mx/3.4.4/../../../../pic32mx/lib\libc.a(_mon_getc.o)
                0x9d0038b8                _mon_getc
 .text._mon_write
                0x9d0038c0       0x4c C:/Microchip Starter Kits/PIC32 Starter Kits/MPLAB C32 Suite/bin/../lib/gcc/pic32mx/3.4.4/../../../../pic32mx/lib\libc.a(_mon_write.o)
                0x9d0038c0                _mon_write
 .text._exit    0x9d00390c        0x8 C:/Microchip Starter Kits/PIC32 Starter Kits/MPLAB C32 Suite/bin/../lib/gcc/pic32mx/3.4.4/../../../../pic32mx/lib\libc.a(_exit.o)
                0x9d00390c                _exit
 .text._mon_putc
                0x9d003914       0x28 C:/Microchip Starter Kits/PIC32 Starter Kits/MPLAB C32 Suite/bin/../lib/gcc/pic32mx/3.4.4/../../../../pic32mx/lib\libc.a(_mon_putc.o)
                0x9d003914                _mon_putc
 .text          0x9d00393c     0x1128 C:/Microchip Starter Kits/PIC32 Starter Kits/MPLAB C32 Suite/bin/../lib/gcc/pic32mx/3.4.4/../../../../pic32mx/lib\libm.a(dp32.o)
                0x9d0049ec                fabs
                0x9d0048b0                __eqdf2
                0x9d0048b0                __gtdf2
                0x9d00393c                dpsub
                0x9d004544                __floatsidf
                0x9d0048b0                __ltdf2
                0x9d0045b8                ultodp
                0x9d003d68                dpmul
                0x9d0046ac                dptofp
                0x9d00482c                __fixunsdfsi
                0x9d0048b0                dpcmp
                0x9d004608                __extendsfdf2
                0x9d003944                __adddf3
                0x9d00482c                dptoul
                0x9d004090                dpdiv
                0x9d004544                litodp
                0x9d0047a4                __fixdfsi
                0x9d0048b0                __ledf2
                0x9d004608                fptodp
                0x9d0049d4                __negdf2
                0x9d003944                dpadd
                0x9d004090                __divdf3
                0x9d003d68                __muldf3
                0x9d0046ac                __truncdfsf2
                0x9d0048b0                __nedf2
                0x9d0047a4                dptoli
                0x9d004a08                nan
                0x9d0049ec                dpfabs
                0x9d0048b0                __gedf2
                0x9d004a08                dpnan
                0x9d00393c                __subdf3
 .text          0x9d004a64      0x8ec C:/Microchip Starter Kits/PIC32 Starter Kits/MPLAB C32 Suite/bin/../lib/gcc/pic32mx/3.4.4/../../../../pic32mx/lib\libm.a(fp32.o)
                0x9d004e90                __divsf3
                0x9d0050bc                sitofp
                0x9d005164                __fixsfsi
                0x9d004e90                fpdiv
                0x9d004a64                __subsf3
                0x9d005164                fptoli
                0x9d005250                __lesf2
                0x9d0052e4                fabsf
                0x9d005250                __nesf2
                0x9d005118                uitofp
                0x9d005250                __gtsf2
                0x9d0051dc                fptoui
                0x9d0052e4                fpfabs
                0x9d0050bc                __floatsisf
                0x9d005164                fptosi
                0x9d005304                fpnan
                0x9d005250                __eqsf2
                0x9d004a6c                fpadd
                0x9d0052f4                __negsf2
                0x9d005250                __ltsf2
                0x9d004a64                fpsub
                0x9d005250                fpcmp
                0x9d004cd8                __mulsf3
                0x9d005250                __gesf2
                0x9d005304                nanf
                0x9d0050bc                litofp
                0x9d004cd8                fpmul
                0x9d0051dc                __fixunssfsi
                0x9d004a6c                __addsf3
                0x9d0051dc                fptoul
                0x9d005118                ultofp
 .text.ReadCoreTimer
                0x9d005350        0x8 C:/Microchip Starter Kits/PIC32 Starter Kits/MPLAB C32 Suite/bin/../lib/gcc/pic32mx/3.4.4/../../../../pic32mx/lib\libmchp_peripheral.a(read_core_timer_lib.o)
                0x9d005350                ReadCoreTimer
 *(.text.*personality*)
 *(.gnu.warning)
 *(.mips16.fn.*)
 *(.mips16.call.*)
                0x9d005358                _text_end = .

.rodata         0x9d005358      0x128
 *(.rodata .rodata.* .gnu.linkonce.r.*)
 .rodata        0x9d005358       0x30 bullet.o
 .rodata        0x9d005388       0x48 main.o
 .rodata        0x9d0053d0       0x40 map.o
 .rodata        0x9d005410       0x5c tank.o
 .rodata        0x9d00546c       0x14 C:/Microchip Starter Kits/PIC32 Starter Kits/MPLAB C32 Suite/bin/../lib/gcc/pic32mx/3.4.4/../../../../pic32mx/lib\libc.a(_iobdata.o)
                0x9d00546c                _io_funcs
 *(.rodata1)
                0x9d005480                . = ALIGN (0x4)

.sdata2         0x9d005480        0x0
 *(.sdata2 .sdata2.* .gnu.linkonce.s2.*)
                0x9d005480                . = ALIGN (0x4)

.sbss2          0x9d005480        0x0
 *(.sbss2 .sbss2.* .gnu.linkonce.sb2.*)
                0x9d005480                . = ALIGN (0x4)

.eh_frame_hdr
 *(.eh_frame_hdr)

.eh_frame
 *(.eh_frame)

.dbg_data       0xa0000000        0x0
                0xa0000000                . = (. + DEFINED (_DEBUGGER)?0x200:0x0)

.data           0xa0000000       0xf4 load address 0x9d005480
                0xa0000000                _data_begin = .
 *(.data .data.* .gnu.linkonce.d.*)
 .data          0xa0000000       0x20 C:/Microchip Starter Kits/PIC32 Starter Kits/MPLAB C32 Suite/bin/../lib/gcc/pic32mx/3.4.4/../../../../pic32mx/lib\libc.a(exit.o)
                0xa0000000                __exfun_mx
 .data          0xa0000020       0xd4 C:/Microchip Starter Kits/PIC32 Starter Kits/MPLAB C32 Suite/bin/../lib/gcc/pic32mx/3.4.4/../../../../pic32mx/lib\libc.a(_iobdata.o)
 *(.gnu.linkonce.d.*personality*)
 *(.data1)
                0x9d005480                _data_image_begin = LOADADDR (.data)

.eh_frame
 *(.eh_frame)
                0xa00080f0                _gp = (ALIGN (0x10) + 0x7ff0)

.got
 *(.got.plt)
 *(.got)

.sdata          0xa00000f4        0x4 load address 0x9d005574
                0xa00000f4                _sdata_begin = .
 *(.sdata .sdata.* .gnu.linkonce.s.*)
 .sdata         0xa00000f4        0x4 C:/Microchip Starter Kits/PIC32 Starter Kits/MPLAB C32 Suite/bin/../lib/gcc/pic32mx/3.4.4/../../../../pic32mx/lib\libc.a(_iobdata.o)
                0xa00000f4                _libc_data
                0xa00000f8                _sdata_end = .

.lit8
 *(.lit8)

.lit4
 *(.lit4)
                0xa00000f8                . = ALIGN (0x4)
                0xa00000f8                _data_end = .
                0xa00000f8                _bss_begin = .

.sbss           0xa00000f8       0x58
                0xa00000f8                _sbss_begin = .
 *(.dynsbss)
 *(.sbss .sbss.* .gnu.linkonce.sb.*)
 .sbss          0xa00000f8        0x4 bullet.o
 .sbss          0xa00000fc        0x4 game.o
 .sbss          0xa0000100       0x34 main.o
                0xa0000120                js1_move_pwm
                0xa000012c                js2_shoot_pwm
                0xa0000124                js2_move_pwm
                0xa0000128                js1_shoot_pwm
 .sbss          0xa0000134        0x4 map.o
 .sbss          0xa0000138        0x4 tank.o
 .sbss          0xa000013c        0x4 C:/Microchip Starter Kits/PIC32 Starter Kits/MPLAB C32 Suite/bin/../lib/gcc/pic32mx/3.4.4/../../../../pic32mx/lib\libc.a(errno.o)
                0xa000013c                errno
 *(.scommon)
 .scommon       0xa0000140       0x10 main.o
                0xa0000140                tank1_shoot_dir
                0xa0000144                tank2_shoot_dir
                0xa0000148                tank1_move_dir
                0xa000014c                tank2_move_dir
                0xa0000150                _sbss_end = .

.bss            0xa0000150     0x12dc
 *(.dynbss)
 *(.bss .bss.* .gnu.linkonce.b.*)
 .bss           0xa0000150      0x300 bullet.o
 .bss           0xa0000450      0x300 game.o
 .bss           0xa0000750      0x300 main.o
 .bss           0xa0000a50      0x300 map.o
 .bss           0xa0000d50      0x300 tank.o
 .bss           0xa0001050       0x88 C:/Microchip Starter Kits/PIC32 Starter Kits/MPLAB C32 Suite/bin/../lib/gcc/pic32mx/3.4.4/../../../../pic32mx/lib\libc.a(_iobdata.o)
 .bss           0xa00010d8       0x20 C:/Microchip Starter Kits/PIC32 Starter Kits/MPLAB C32 Suite/bin/../lib/gcc/pic32mx/3.4.4/../../../../pic32mx/lib\libc.a(_iobfuncs.o)
 .bss           0xa00010f8        0x4 C:/Microchip Starter Kits/PIC32 Starter Kits/MPLAB C32 Suite/bin/../lib/gcc/pic32mx/3.4.4/../../../../pic32mx/lib\libc.a(stubs.o)
                0xa00010f8                __isthreaded
 *(COMMON)
 COMMON         0xa00010fc      0x180 bullet.o
                0xa00010fc                bullet
 COMMON         0xa000127c      0x180 map.o
                0xa000127c                map
 COMMON         0xa00013fc       0x30 tank.o
                0xa00013fc                tank2
                0xa0001414                tank1
                0xa000142c                . = ALIGN (0x4)
                0xa000142c                . = ALIGN (0x4)
                0xa000142c                _end = .
                0xa000142c                _bss_end = .

.heap           0xa000142c        0x0
                0xa000142c                _heap = .
                0xa000142c                . = (. + _min_heap_size)

.stack          0xa000142c      0x400
                0xa000142c                _splim = .
                0xa000142c                _SPLIM = .
                0xa000182c                . = (. + _min_stack_size)
 *fill*         0xa000142c      0x400 00

.ramfunc        0xa0002000        0x0 load address 0x9d005578
                0xa0002000                _ramfunc_begin = .
 *(.ramfunc .ramfunc.*)
                0xa0002000                . = ALIGN (0x4)
                0xa0002000                _ramfunc_end = .
                0x9d005578                _ramfunc_image_begin = LOADADDR (.ramfunc)
                0x00000000                _ramfunc_length = SIZEOF (.ramfunc)
                0x00002000                _bmxdkpba_address = (_ramfunc_begin - 0xa0000000)
                0x00020000                _bmxdudba_address = 0x20000
                0x00020000                _bmxdupba_address = 0x20000
                0xa0020000                _stack = (_ramfunc_length > 0x0)?(_ramfunc_begin - 0x4):0xa0020000
                0x00000001                ASSERT (((_min_stack_size + _min_heap_size) <= (_stack - _heap)), Not enough space to allocate both stack and heap.  Reduce heap and/or stack size.)

.pdr            0x00000000      0x920
 *(.pdr)
 .pdr           0x00000000       0xa0 C:/Microchip Starter Kits/PIC32 Starter Kits/MPLAB C32 Suite/bin/../lib/gcc/pic32mx/3.4.4/../../../../pic32mx/lib/crt0.o
 .pdr           0x000000a0       0x40 bullet.o
 .pdr           0x000000e0       0x60 game.o
 .pdr           0x00000140      0x140 main.o
 .pdr           0x00000280      0x120 map.o
 .pdr           0x000003a0       0x80 tank.o
 .pdr           0x00000420       0x20 C:/Microchip Starter Kits/PIC32 Starter Kits/MPLAB C32 Suite/bin/../lib/gcc/pic32mx/3.4.4/../../../../pic32mx/lib\libc.a(general-exception.o)
 .pdr           0x00000440       0x20 C:/Microchip Starter Kits/PIC32 Starter Kits/MPLAB C32 Suite/bin/../lib/gcc/pic32mx/3.4.4/../../../../pic32mx/lib\libc.a(exit.o)
 .pdr           0x00000460       0xa0 C:/Microchip Starter Kits/PIC32 Starter Kits/MPLAB C32 Suite/bin/../lib/gcc/pic32mx/3.4.4/../../../../pic32mx/lib\libc.a(_iobfuncs.o)
 .pdr           0x00000500       0x20 C:/Microchip Starter Kits/PIC32 Starter Kits/MPLAB C32 Suite/bin/../lib/gcc/pic32mx/3.4.4/../../../../pic32mx/lib\libc.a(fwrite.o)
 .pdr           0x00000520      0x2c0 C:/Microchip Starter Kits/PIC32 Starter Kits/MPLAB C32 Suite/bin/../lib/gcc/pic32mx/3.4.4/../../../../pic32mx/lib\libc.a(stubs.o)
 .pdr           0x000007e0       0x20 C:/Microchip Starter Kits/PIC32 Starter Kits/MPLAB C32 Suite/bin/../lib/gcc/pic32mx/3.4.4/../../../../pic32mx/lib\libc.a(default-general-exception-handler.o)
 .pdr           0x00000800       0x20 C:/Microchip Starter Kits/PIC32 Starter Kits/MPLAB C32 Suite/bin/../lib/gcc/pic32mx/3.4.4/../../../../pic32mx/lib\libc.a(default-bootstrap-exception-handler.o)
 .pdr           0x00000820       0x20 C:/Microchip Starter Kits/PIC32 Starter Kits/MPLAB C32 Suite/bin/../lib/gcc/pic32mx/3.4.4/../../../../pic32mx/lib\libc.a(default-on-reset.o)
 .pdr           0x00000840       0x20 C:/Microchip Starter Kits/PIC32 Starter Kits/MPLAB C32 Suite/bin/../lib/gcc/pic32mx/3.4.4/../../../../pic32mx/lib\libc.a(default-on-bootstrap.o)
 .pdr           0x00000860       0x20 C:/Microchip Starter Kits/PIC32 Starter Kits/MPLAB C32 Suite/bin/../lib/gcc/pic32mx/3.4.4/../../../../pic32mx/lib\libc.a(default-nmi-handler.o)
 .pdr           0x00000880       0x20 C:/Microchip Starter Kits/PIC32 Starter Kits/MPLAB C32 Suite/bin/../lib/gcc/pic32mx/3.4.4/../../../../pic32mx/lib\libc.a(_mon_getc.o)
 .pdr           0x000008a0       0x20 C:/Microchip Starter Kits/PIC32 Starter Kits/MPLAB C32 Suite/bin/../lib/gcc/pic32mx/3.4.4/../../../../pic32mx/lib\libc.a(_mon_write.o)
 .pdr           0x000008c0       0x20 C:/Microchip Starter Kits/PIC32 Starter Kits/MPLAB C32 Suite/bin/../lib/gcc/pic32mx/3.4.4/../../../../pic32mx/lib\libc.a(_exit.o)
 .pdr           0x000008e0       0x20 C:/Microchip Starter Kits/PIC32 Starter Kits/MPLAB C32 Suite/bin/../lib/gcc/pic32mx/3.4.4/../../../../pic32mx/lib\libc.a(_mon_putc.o)
 .pdr           0x00000900       0x20 C:/Microchip Starter Kits/PIC32 Starter Kits/MPLAB C32 Suite/bin/../lib/gcc/pic32mx/3.4.4/../../../../pic32mx/lib\libmchp_peripheral.a(read_core_timer_lib.o)

.reginfo        0x00000000       0x18
 *(.reginfo)
 .reginfo       0x00000000       0x18 C:/Microchip Starter Kits/PIC32 Starter Kits/MPLAB C32 Suite/bin/../lib/gcc/pic32mx/3.4.4/../../../../pic32mx/lib/crt0.o

.stab
 *(.stab)

.stabstr
 *(.stabstr)

.stab.excl
 *(.stab.excl)

.stab.exclstr
 *(.stab.exclstr)

.stab.index
 *(.stab.index)

.stab.indexstr
 *(.stab.indexstr)

.comment        0x00000000      0x821
 *(.comment)
 .comment       0x00000000       0x50 bullet.o
 .comment       0x00000050       0x50 game.o
 .comment       0x000000a0       0x50 main.o
 .comment       0x000000f0       0x50 map.o
 .comment       0x00000140       0x50 tank.o
 .comment       0x00000190       0x9d C:/Microchip Starter Kits/PIC32 Starter Kits/MPLAB C32 Suite/bin/../lib/gcc/pic32mx/3.4.4/../../../../pic32mx/lib\libc.a(exit.o)
 .comment       0x0000022d       0xa3 C:/Microchip Starter Kits/PIC32 Starter Kits/MPLAB C32 Suite/bin/../lib/gcc/pic32mx/3.4.4/../../../../pic32mx/lib\libc.a(_iobdata.o)
 .comment       0x000002d0       0xa4 C:/Microchip Starter Kits/PIC32 Starter Kits/MPLAB C32 Suite/bin/../lib/gcc/pic32mx/3.4.4/../../../../pic32mx/lib\libc.a(_iobfuncs.o)
 .comment       0x00000374       0xa1 C:/Microchip Starter Kits/PIC32 Starter Kits/MPLAB C32 Suite/bin/../lib/gcc/pic32mx/3.4.4/../../../../pic32mx/lib\libc.a(fwrite.o)
 .comment       0x00000415       0x9e C:/Microchip Starter Kits/PIC32 Starter Kits/MPLAB C32 Suite/bin/../lib/gcc/pic32mx/3.4.4/../../../../pic32mx/lib\libc.a(stubs.o)
 .comment       0x000004b3       0x50 C:/Microchip Starter Kits/PIC32 Starter Kits/MPLAB C32 Suite/bin/../lib/gcc/pic32mx/3.4.4/../../../../pic32mx/lib\libc.a(default-general-exception-handler.o)
 .comment       0x00000503       0x50 C:/Microchip Starter Kits/PIC32 Starter Kits/MPLAB C32 Suite/bin/../lib/gcc/pic32mx/3.4.4/../../../../pic32mx/lib\libc.a(default-bootstrap-exception-handler.o)
 .comment       0x00000553       0x50 C:/Microchip Starter Kits/PIC32 Starter Kits/MPLAB C32 Suite/bin/../lib/gcc/pic32mx/3.4.4/../../../../pic32mx/lib\libc.a(default-on-reset.o)
 .comment       0x000005a3       0x50 C:/Microchip Starter Kits/PIC32 Starter Kits/MPLAB C32 Suite/bin/../lib/gcc/pic32mx/3.4.4/../../../../pic32mx/lib\libc.a(default-on-bootstrap.o)
 .comment       0x000005f3       0x50 C:/Microchip Starter Kits/PIC32 Starter Kits/MPLAB C32 Suite/bin/../lib/gcc/pic32mx/3.4.4/../../../../pic32mx/lib\libc.a(_mon_getc.o)
 .comment       0x00000643       0x50 C:/Microchip Starter Kits/PIC32 Starter Kits/MPLAB C32 Suite/bin/../lib/gcc/pic32mx/3.4.4/../../../../pic32mx/lib\libc.a(_mon_write.o)
 .comment       0x00000693       0x50 C:/Microchip Starter Kits/PIC32 Starter Kits/MPLAB C32 Suite/bin/../lib/gcc/pic32mx/3.4.4/../../../../pic32mx/lib\libc.a(_exit.o)
 .comment       0x000006e3       0x9e C:/Microchip Starter Kits/PIC32 Starter Kits/MPLAB C32 Suite/bin/../lib/gcc/pic32mx/3.4.4/../../../../pic32mx/lib\libc.a(errno.o)
 .comment       0x00000781       0x50 C:/Microchip Starter Kits/PIC32 Starter Kits/MPLAB C32 Suite/bin/../lib/gcc/pic32mx/3.4.4/../../../../pic32mx/lib\libc.a(_mon_putc.o)
 .comment       0x000007d1       0x50 C:/Microchip Starter Kits/PIC32 Starter Kits/MPLAB C32 Suite/bin/../lib/gcc/pic32mx/3.4.4/../../../../pic32mx/lib\libmchp_peripheral.a(read_core_timer_lib.o)

.debug
 *(.debug)

.line
 *(.line)

.debug_srcinfo
 *(.debug_srcinfo)

.debug_sfnames
 *(.debug_sfnames)

.debug_aranges  0x00000000      0x370
 *(.debug_aranges)
 .debug_aranges
                0x00000000       0x20 bullet.o
 .debug_aranges
                0x00000020       0x20 game.o
 .debug_aranges
                0x00000040       0x20 main.o
 .debug_aranges
                0x00000060       0x20 map.o
 .debug_aranges
                0x00000080       0x20 tank.o
 .debug_aranges
                0x000000a0       0x28 C:/Microchip Starter Kits/PIC32 Starter Kits/MPLAB C32 Suite/bin/../lib/gcc/pic32mx/3.4.4/../../../../pic32mx/lib\libc.a(exit.o)
 .debug_aranges
                0x000000c8       0x48 C:/Microchip Starter Kits/PIC32 Starter Kits/MPLAB C32 Suite/bin/../lib/gcc/pic32mx/3.4.4/../../../../pic32mx/lib\libc.a(_iobfuncs.o)
 .debug_aranges
                0x00000110       0x28 C:/Microchip Starter Kits/PIC32 Starter Kits/MPLAB C32 Suite/bin/../lib/gcc/pic32mx/3.4.4/../../../../pic32mx/lib\libc.a(fwrite.o)
 .debug_aranges
                0x00000138       0xd0 C:/Microchip Starter Kits/PIC32 Starter Kits/MPLAB C32 Suite/bin/../lib/gcc/pic32mx/3.4.4/../../../../pic32mx/lib\libc.a(stubs.o)
 .debug_aranges
                0x00000208       0x28 C:/Microchip Starter Kits/PIC32 Starter Kits/MPLAB C32 Suite/bin/../lib/gcc/pic32mx/3.4.4/../../../../pic32mx/lib\libc.a(default-general-exception-handler.o)
 .debug_aranges
                0x00000230       0x28 C:/Microchip Starter Kits/PIC32 Starter Kits/MPLAB C32 Suite/bin/../lib/gcc/pic32mx/3.4.4/../../../../pic32mx/lib\libc.a(default-bootstrap-exception-handler.o)
 .debug_aranges
                0x00000258       0x28 C:/Microchip Starter Kits/PIC32 Starter Kits/MPLAB C32 Suite/bin/../lib/gcc/pic32mx/3.4.4/../../../../pic32mx/lib\libc.a(default-on-reset.o)
 .debug_aranges
                0x00000280       0x28 C:/Microchip Starter Kits/PIC32 Starter Kits/MPLAB C32 Suite/bin/../lib/gcc/pic32mx/3.4.4/../../../../pic32mx/lib\libc.a(default-on-bootstrap.o)
 .debug_aranges
                0x000002a8       0x28 C:/Microchip Starter Kits/PIC32 Starter Kits/MPLAB C32 Suite/bin/../lib/gcc/pic32mx/3.4.4/../../../../pic32mx/lib\libc.a(_mon_getc.o)
 .debug_aranges
                0x000002d0       0x28 C:/Microchip Starter Kits/PIC32 Starter Kits/MPLAB C32 Suite/bin/../lib/gcc/pic32mx/3.4.4/../../../../pic32mx/lib\libc.a(_mon_write.o)
 .debug_aranges
                0x000002f8       0x28 C:/Microchip Starter Kits/PIC32 Starter Kits/MPLAB C32 Suite/bin/../lib/gcc/pic32mx/3.4.4/../../../../pic32mx/lib\libc.a(_exit.o)
 .debug_aranges
                0x00000320       0x28 C:/Microchip Starter Kits/PIC32 Starter Kits/MPLAB C32 Suite/bin/../lib/gcc/pic32mx/3.4.4/../../../../pic32mx/lib\libc.a(_mon_putc.o)
 .debug_aranges
                0x00000348       0x28 C:/Microchip Starter Kits/PIC32 Starter Kits/MPLAB C32 Suite/bin/../lib/gcc/pic32mx/3.4.4/../../../../pic32mx/lib\libmchp_peripheral.a(read_core_timer_lib.o)

.debug_pubnames
                0x00000000      0x766
 *(.debug_pubnames)
 .debug_pubnames
                0x00000000       0x45 bullet.o
 .debug_pubnames
                0x00000045       0x40 game.o
 .debug_pubnames
                0x00000085      0x116 main.o
 .debug_pubnames
                0x0000019b       0x9f map.o
 .debug_pubnames
                0x0000023a       0x61 tank.o
 .debug_pubnames
                0x0000029b       0x1b C:/Microchip Starter Kits/PIC32 Starter Kits/MPLAB C32 Suite/bin/../lib/gcc/pic32mx/3.4.4/../../../../pic32mx/lib\libc.a(exit.o)
 .debug_pubnames
                0x000002b6       0x70 C:/Microchip Starter Kits/PIC32 Starter Kits/MPLAB C32 Suite/bin/../lib/gcc/pic32mx/3.4.4/../../../../pic32mx/lib\libc.a(_iobfuncs.o)
 .debug_pubnames
                0x00000326       0x1d C:/Microchip Starter Kits/PIC32 Starter Kits/MPLAB C32 Suite/bin/../lib/gcc/pic32mx/3.4.4/../../../../pic32mx/lib\libc.a(fwrite.o)
 .debug_pubnames
                0x00000343      0x2da C:/Microchip Starter Kits/PIC32 Starter Kits/MPLAB C32 Suite/bin/../lib/gcc/pic32mx/3.4.4/../../../../pic32mx/lib\libc.a(stubs.o)
 .debug_pubnames
                0x0000061d       0x31 C:/Microchip Starter Kits/PIC32 Starter Kits/MPLAB C32 Suite/bin/../lib/gcc/pic32mx/3.4.4/../../../../pic32mx/lib\libc.a(default-general-exception-handler.o)
 .debug_pubnames
                0x0000064e       0x33 C:/Microchip Starter Kits/PIC32 Starter Kits/MPLAB C32 Suite/bin/../lib/gcc/pic32mx/3.4.4/../../../../pic32mx/lib\libc.a(default-bootstrap-exception-handler.o)
 .debug_pubnames
                0x00000681       0x20 C:/Microchip Starter Kits/PIC32 Starter Kits/MPLAB C32 Suite/bin/../lib/gcc/pic32mx/3.4.4/../../../../pic32mx/lib\libc.a(default-on-reset.o)
 .debug_pubnames
                0x000006a1       0x24 C:/Microchip Starter Kits/PIC32 Starter Kits/MPLAB C32 Suite/bin/../lib/gcc/pic32mx/3.4.4/../../../../pic32mx/lib\libc.a(default-on-bootstrap.o)
 .debug_pubnames
                0x000006c5       0x20 C:/Microchip Starter Kits/PIC32 Starter Kits/MPLAB C32 Suite/bin/../lib/gcc/pic32mx/3.4.4/../../../../pic32mx/lib\libc.a(_mon_getc.o)
 .debug_pubnames
                0x000006e5       0x21 C:/Microchip Starter Kits/PIC32 Starter Kits/MPLAB C32 Suite/bin/../lib/gcc/pic32mx/3.4.4/../../../../pic32mx/lib\libc.a(_mon_write.o)
 .debug_pubnames
                0x00000706       0x1c C:/Microchip Starter Kits/PIC32 Starter Kits/MPLAB C32 Suite/bin/../lib/gcc/pic32mx/3.4.4/../../../../pic32mx/lib\libc.a(_exit.o)
 .debug_pubnames
                0x00000722       0x20 C:/Microchip Starter Kits/PIC32 Starter Kits/MPLAB C32 Suite/bin/../lib/gcc/pic32mx/3.4.4/../../../../pic32mx/lib\libc.a(_mon_putc.o)
 .debug_pubnames
                0x00000742       0x24 C:/Microchip Starter Kits/PIC32 Starter Kits/MPLAB C32 Suite/bin/../lib/gcc/pic32mx/3.4.4/../../../../pic32mx/lib\libmchp_peripheral.a(read_core_timer_lib.o)

.debug_info     0x00000000     0x2aaf
 *(.debug_info .gnu.linkonce.wi.*)
 .debug_info    0x00000000      0x563 bullet.o
 .debug_info    0x00000563      0x230 game.o
 .debug_info    0x00000793      0xf71 main.o
 .debug_info    0x00001704      0x978 map.o
 .debug_info    0x0000207c      0x601 tank.o
 .debug_info    0x0000267d       0x30 C:/Microchip Starter Kits/PIC32 Starter Kits/MPLAB C32 Suite/bin/../lib/gcc/pic32mx/3.4.4/../../../../pic32mx/lib\libc.a(exit.o)
 .debug_info    0x000026ad       0x78 C:/Microchip Starter Kits/PIC32 Starter Kits/MPLAB C32 Suite/bin/../lib/gcc/pic32mx/3.4.4/../../../../pic32mx/lib\libc.a(_iobfuncs.o)
 .debug_info    0x00002725       0x30 C:/Microchip Starter Kits/PIC32 Starter Kits/MPLAB C32 Suite/bin/../lib/gcc/pic32mx/3.4.4/../../../../pic32mx/lib\libc.a(fwrite.o)
 .debug_info    0x00002755      0x1aa C:/Microchip Starter Kits/PIC32 Starter Kits/MPLAB C32 Suite/bin/../lib/gcc/pic32mx/3.4.4/../../../../pic32mx/lib\libc.a(stubs.o)
 .debug_info    0x000028ff       0x30 C:/Microchip Starter Kits/PIC32 Starter Kits/MPLAB C32 Suite/bin/../lib/gcc/pic32mx/3.4.4/../../../../pic32mx/lib\libc.a(default-general-exception-handler.o)
 .debug_info    0x0000292f       0x30 C:/Microchip Starter Kits/PIC32 Starter Kits/MPLAB C32 Suite/bin/../lib/gcc/pic32mx/3.4.4/../../../../pic32mx/lib\libc.a(default-bootstrap-exception-handler.o)
 .debug_info    0x0000295f       0x30 C:/Microchip Starter Kits/PIC32 Starter Kits/MPLAB C32 Suite/bin/../lib/gcc/pic32mx/3.4.4/../../../../pic32mx/lib\libc.a(default-on-reset.o)
 .debug_info    0x0000298f       0x30 C:/Microchip Starter Kits/PIC32 Starter Kits/MPLAB C32 Suite/bin/../lib/gcc/pic32mx/3.4.4/../../../../pic32mx/lib\libc.a(default-on-bootstrap.o)
 .debug_info    0x000029bf       0x30 C:/Microchip Starter Kits/PIC32 Starter Kits/MPLAB C32 Suite/bin/../lib/gcc/pic32mx/3.4.4/../../../../pic32mx/lib\libc.a(_mon_getc.o)
 .debug_info    0x000029ef       0x30 C:/Microchip Starter Kits/PIC32 Starter Kits/MPLAB C32 Suite/bin/../lib/gcc/pic32mx/3.4.4/../../../../pic32mx/lib\libc.a(_mon_write.o)
 .debug_info    0x00002a1f       0x30 C:/Microchip Starter Kits/PIC32 Starter Kits/MPLAB C32 Suite/bin/../lib/gcc/pic32mx/3.4.4/../../../../pic32mx/lib\libc.a(_exit.o)
 .debug_info    0x00002a4f       0x30 C:/Microchip Starter Kits/PIC32 Starter Kits/MPLAB C32 Suite/bin/../lib/gcc/pic32mx/3.4.4/../../../../pic32mx/lib\libc.a(_mon_putc.o)
 .debug_info    0x00002a7f       0x30 C:/Microchip Starter Kits/PIC32 Starter Kits/MPLAB C32 Suite/bin/../lib/gcc/pic32mx/3.4.4/../../../../pic32mx/lib\libmchp_peripheral.a(read_core_timer_lib.o)

.debug_abbrev   0x00000000      0x804
 *(.debug_abbrev)
 .debug_abbrev  0x00000000      0x11d bullet.o
 .debug_abbrev  0x0000011d       0xd8 game.o
 .debug_abbrev  0x000001f5      0x19c main.o
 .debug_abbrev  0x00000391      0x169 map.o
 .debug_abbrev  0x000004fa      0x141 tank.o
 .debug_abbrev  0x0000063b       0x23 C:/Microchip Starter Kits/PIC32 Starter Kits/MPLAB C32 Suite/bin/../lib/gcc/pic32mx/3.4.4/../../../../pic32mx/lib\libc.a(exit.o)
 .debug_abbrev  0x0000065e        0x1 C:/Microchip Starter Kits/PIC32 Starter Kits/MPLAB C32 Suite/bin/../lib/gcc/pic32mx/3.4.4/../../../../pic32mx/lib\libc.a(_iobdata.o)
 .debug_abbrev  0x0000065f       0x23 C:/Microchip Starter Kits/PIC32 Starter Kits/MPLAB C32 Suite/bin/../lib/gcc/pic32mx/3.4.4/../../../../pic32mx/lib\libc.a(_iobfuncs.o)
 .debug_abbrev  0x00000682       0x23 C:/Microchip Starter Kits/PIC32 Starter Kits/MPLAB C32 Suite/bin/../lib/gcc/pic32mx/3.4.4/../../../../pic32mx/lib\libc.a(fwrite.o)
 .debug_abbrev  0x000006a5       0x23 C:/Microchip Starter Kits/PIC32 Starter Kits/MPLAB C32 Suite/bin/../lib/gcc/pic32mx/3.4.4/../../../../pic32mx/lib\libc.a(stubs.o)
 .debug_abbrev  0x000006c8       0x23 C:/Microchip Starter Kits/PIC32 Starter Kits/MPLAB C32 Suite/bin/../lib/gcc/pic32mx/3.4.4/../../../../pic32mx/lib\libc.a(default-general-exception-handler.o)
 .debug_abbrev  0x000006eb       0x23 C:/Microchip Starter Kits/PIC32 Starter Kits/MPLAB C32 Suite/bin/../lib/gcc/pic32mx/3.4.4/../../../../pic32mx/lib\libc.a(default-bootstrap-exception-handler.o)
 .debug_abbrev  0x0000070e       0x23 C:/Microchip Starter Kits/PIC32 Starter Kits/MPLAB C32 Suite/bin/../lib/gcc/pic32mx/3.4.4/../../../../pic32mx/lib\libc.a(default-on-reset.o)
 .debug_abbrev  0x00000731       0x23 C:/Microchip Starter Kits/PIC32 Starter Kits/MPLAB C32 Suite/bin/../lib/gcc/pic32mx/3.4.4/../../../../pic32mx/lib\libc.a(default-on-bootstrap.o)
 .debug_abbrev  0x00000754       0x23 C:/Microchip Starter Kits/PIC32 Starter Kits/MPLAB C32 Suite/bin/../lib/gcc/pic32mx/3.4.4/../../../../pic32mx/lib\libc.a(_mon_getc.o)
 .debug_abbrev  0x00000777       0x23 C:/Microchip Starter Kits/PIC32 Starter Kits/MPLAB C32 Suite/bin/../lib/gcc/pic32mx/3.4.4/../../../../pic32mx/lib\libc.a(_mon_write.o)
 .debug_abbrev  0x0000079a       0x23 C:/Microchip Starter Kits/PIC32 Starter Kits/MPLAB C32 Suite/bin/../lib/gcc/pic32mx/3.4.4/../../../../pic32mx/lib\libc.a(_exit.o)
 .debug_abbrev  0x000007bd        0x1 C:/Microchip Starter Kits/PIC32 Starter Kits/MPLAB C32 Suite/bin/../lib/gcc/pic32mx/3.4.4/../../../../pic32mx/lib\libc.a(errno.o)
 .debug_abbrev  0x000007be       0x23 C:/Microchip Starter Kits/PIC32 Starter Kits/MPLAB C32 Suite/bin/../lib/gcc/pic32mx/3.4.4/../../../../pic32mx/lib\libc.a(_mon_putc.o)
 .debug_abbrev  0x000007e1       0x23 C:/Microchip Starter Kits/PIC32 Starter Kits/MPLAB C32 Suite/bin/../lib/gcc/pic32mx/3.4.4/../../../../pic32mx/lib\libmchp_peripheral.a(read_core_timer_lib.o)

.debug_line     0x00000000      0xf68
 *(.debug_line)
 .debug_line    0x00000000      0x1a0 bullet.o
 .debug_line    0x000001a0       0x77 game.o
 .debug_line    0x00000217      0x2fe main.o
 .debug_line    0x00000515      0x1b2 map.o
 .debug_line    0x000006c7      0x1a0 tank.o
 .debug_line    0x00000867       0x7d C:/Microchip Starter Kits/PIC32 Starter Kits/MPLAB C32 Suite/bin/../lib/gcc/pic32mx/3.4.4/../../../../pic32mx/lib\libc.a(exit.o)
 .debug_line    0x000008e4       0x84 C:/Microchip Starter Kits/PIC32 Starter Kits/MPLAB C32 Suite/bin/../lib/gcc/pic32mx/3.4.4/../../../../pic32mx/lib\libc.a(_iobfuncs.o)
 .debug_line    0x00000968       0x81 C:/Microchip Starter Kits/PIC32 Starter Kits/MPLAB C32 Suite/bin/../lib/gcc/pic32mx/3.4.4/../../../../pic32mx/lib\libc.a(fwrite.o)
 .debug_line    0x000009e9       0x80 C:/Microchip Starter Kits/PIC32 Starter Kits/MPLAB C32 Suite/bin/../lib/gcc/pic32mx/3.4.4/../../../../pic32mx/lib\libc.a(stubs.o)
 .debug_line    0x00000a69       0x9c C:/Microchip Starter Kits/PIC32 Starter Kits/MPLAB C32 Suite/bin/../lib/gcc/pic32mx/3.4.4/../../../../pic32mx/lib\libc.a(default-general-exception-handler.o)
 .debug_line    0x00000b05       0x9e C:/Microchip Starter Kits/PIC32 Starter Kits/MPLAB C32 Suite/bin/../lib/gcc/pic32mx/3.4.4/../../../../pic32mx/lib\libc.a(default-bootstrap-exception-handler.o)
 .debug_line    0x00000ba3       0x8b C:/Microchip Starter Kits/PIC32 Starter Kits/MPLAB C32 Suite/bin/../lib/gcc/pic32mx/3.4.4/../../../../pic32mx/lib\libc.a(default-on-reset.o)
 .debug_line    0x00000c2e       0x8f C:/Microchip Starter Kits/PIC32 Starter Kits/MPLAB C32 Suite/bin/../lib/gcc/pic32mx/3.4.4/../../../../pic32mx/lib\libc.a(default-on-bootstrap.o)
 .debug_line    0x00000cbd       0x84 C:/Microchip Starter Kits/PIC32 Starter Kits/MPLAB C32 Suite/bin/../lib/gcc/pic32mx/3.4.4/../../../../pic32mx/lib\libc.a(_mon_getc.o)
 .debug_line    0x00000d41       0x85 C:/Microchip Starter Kits/PIC32 Starter Kits/MPLAB C32 Suite/bin/../lib/gcc/pic32mx/3.4.4/../../../../pic32mx/lib\libc.a(_mon_write.o)
 .debug_line    0x00000dc6       0x80 C:/Microchip Starter Kits/PIC32 Starter Kits/MPLAB C32 Suite/bin/../lib/gcc/pic32mx/3.4.4/../../../../pic32mx/lib\libc.a(_exit.o)
 .debug_line    0x00000e46       0x84 C:/Microchip Starter Kits/PIC32 Starter Kits/MPLAB C32 Suite/bin/../lib/gcc/pic32mx/3.4.4/../../../../pic32mx/lib\libc.a(_mon_putc.o)
 .debug_line    0x00000eca       0x9e C:/Microchip Starter Kits/PIC32 Starter Kits/MPLAB C32 Suite/bin/../lib/gcc/pic32mx/3.4.4/../../../../pic32mx/lib\libmchp_peripheral.a(read_core_timer_lib.o)

.debug_frame    0x00000000      0x6f8
 *(.debug_frame)
 .debug_frame   0x00000000       0x4c bullet.o
 .debug_frame   0x0000004c       0x6c game.o
 .debug_frame   0x000000b8      0x114 main.o
 .debug_frame   0x000001cc      0x118 map.o
 .debug_frame   0x000002e4       0x88 tank.o
 .debug_frame   0x0000036c       0x34 C:/Microchip Starter Kits/PIC32 Starter Kits/MPLAB C32 Suite/bin/../lib/gcc/pic32mx/3.4.4/../../../../pic32mx/lib\libc.a(exit.o)
 .debug_frame   0x000003a0       0x90 C:/Microchip Starter Kits/PIC32 Starter Kits/MPLAB C32 Suite/bin/../lib/gcc/pic32mx/3.4.4/../../../../pic32mx/lib\libc.a(_iobfuncs.o)
 .debug_frame   0x00000430       0x20 C:/Microchip Starter Kits/PIC32 Starter Kits/MPLAB C32 Suite/bin/../lib/gcc/pic32mx/3.4.4/../../../../pic32mx/lib\libc.a(fwrite.o)
 .debug_frame   0x00000450      0x178 C:/Microchip Starter Kits/PIC32 Starter Kits/MPLAB C32 Suite/bin/../lib/gcc/pic32mx/3.4.4/../../../../pic32mx/lib\libc.a(stubs.o)
 .debug_frame   0x000005c8       0x20 C:/Microchip Starter Kits/PIC32 Starter Kits/MPLAB C32 Suite/bin/../lib/gcc/pic32mx/3.4.4/../../../../pic32mx/lib\libc.a(default-general-exception-handler.o)
 .debug_frame   0x000005e8       0x20 C:/Microchip Starter Kits/PIC32 Starter Kits/MPLAB C32 Suite/bin/../lib/gcc/pic32mx/3.4.4/../../../../pic32mx/lib\libc.a(default-bootstrap-exception-handler.o)
 .debug_frame   0x00000608       0x20 C:/Microchip Starter Kits/PIC32 Starter Kits/MPLAB C32 Suite/bin/../lib/gcc/pic32mx/3.4.4/../../../../pic32mx/lib\libc.a(default-on-reset.o)
 .debug_frame   0x00000628       0x20 C:/Microchip Starter Kits/PIC32 Starter Kits/MPLAB C32 Suite/bin/../lib/gcc/pic32mx/3.4.4/../../../../pic32mx/lib\libc.a(default-on-bootstrap.o)
 .debug_frame   0x00000648       0x20 C:/Microchip Starter Kits/PIC32 Starter Kits/MPLAB C32 Suite/bin/../lib/gcc/pic32mx/3.4.4/../../../../pic32mx/lib\libc.a(_mon_getc.o)
 .debug_frame   0x00000668       0x30 C:/Microchip Starter Kits/PIC32 Starter Kits/MPLAB C32 Suite/bin/../lib/gcc/pic32mx/3.4.4/../../../../pic32mx/lib\libc.a(_mon_write.o)
 .debug_frame   0x00000698       0x20 C:/Microchip Starter Kits/PIC32 Starter Kits/MPLAB C32 Suite/bin/../lib/gcc/pic32mx/3.4.4/../../../../pic32mx/lib\libc.a(_exit.o)
 .debug_frame   0x000006b8       0x20 C:/Microchip Starter Kits/PIC32 Starter Kits/MPLAB C32 Suite/bin/../lib/gcc/pic32mx/3.4.4/../../../../pic32mx/lib\libc.a(_mon_putc.o)
 .debug_frame   0x000006d8       0x20 C:/Microchip Starter Kits/PIC32 Starter Kits/MPLAB C32 Suite/bin/../lib/gcc/pic32mx/3.4.4/../../../../pic32mx/lib\libmchp_peripheral.a(read_core_timer_lib.o)

.debug_str      0x00000000      0x986
 *(.debug_str)
 .debug_str     0x00000000       0x1d bullet.o
 .debug_str     0x0000001d       0x12 game.o
 .debug_str     0x0000002f       0x12 main.o
 .debug_str     0x00000041       0x12 map.o
 .debug_str     0x00000053       0x1d tank.o
 .debug_str     0x00000070       0xaa C:/Microchip Starter Kits/PIC32 Starter Kits/MPLAB C32 Suite/bin/../lib/gcc/pic32mx/3.4.4/../../../../pic32mx/lib\libc.a(exit.o)
                                 0xaf (size before relaxing)
 .debug_str     0x0000011a       0xb1 C:/Microchip Starter Kits/PIC32 Starter Kits/MPLAB C32 Suite/bin/../lib/gcc/pic32mx/3.4.4/../../../../pic32mx/lib\libc.a(_iobfuncs.o)
                                 0xfb (size before relaxing)
 .debug_str     0x000001cb       0x6b C:/Microchip Starter Kits/PIC32 Starter Kits/MPLAB C32 Suite/bin/../lib/gcc/pic32mx/3.4.4/../../../../pic32mx/lib\libc.a(fwrite.o)
                                 0xb5 (size before relaxing)
 .debug_str     0x00000236      0x2d3 C:/Microchip Starter Kits/PIC32 Starter Kits/MPLAB C32 Suite/bin/../lib/gcc/pic32mx/3.4.4/../../../../pic32mx/lib\libc.a(stubs.o)
                                0x31d (size before relaxing)
 .debug_str     0x00000509       0x9a C:/Microchip Starter Kits/PIC32 Starter Kits/MPLAB C32 Suite/bin/../lib/gcc/pic32mx/3.4.4/../../../../pic32mx/lib\libc.a(default-general-exception-handler.o)
                                 0xe4 (size before relaxing)
 .debug_str     0x000005a3       0x9e C:/Microchip Starter Kits/PIC32 Starter Kits/MPLAB C32 Suite/bin/../lib/gcc/pic32mx/3.4.4/../../../../pic32mx/lib\libc.a(default-bootstrap-exception-handler.o)
                                 0xe8 (size before relaxing)
 .debug_str     0x00000641       0x78 C:/Microchip Starter Kits/PIC32 Starter Kits/MPLAB C32 Suite/bin/../lib/gcc/pic32mx/3.4.4/../../../../pic32mx/lib\libc.a(default-on-reset.o)
                                 0xc2 (size before relaxing)
 .debug_str     0x000006b9       0x80 C:/Microchip Starter Kits/PIC32 Starter Kits/MPLAB C32 Suite/bin/../lib/gcc/pic32mx/3.4.4/../../../../pic32mx/lib\libc.a(default-on-bootstrap.o)
                                 0xca (size before relaxing)
 .debug_str     0x00000739       0x71 C:/Microchip Starter Kits/PIC32 Starter Kits/MPLAB C32 Suite/bin/../lib/gcc/pic32mx/3.4.4/../../../../pic32mx/lib\libc.a(_mon_getc.o)
                                 0xbb (size before relaxing)
 .debug_str     0x000007aa       0x73 C:/Microchip Starter Kits/PIC32 Starter Kits/MPLAB C32 Suite/bin/../lib/gcc/pic32mx/3.4.4/../../../../pic32mx/lib\libc.a(_mon_write.o)
                                 0xbd (size before relaxing)
 .debug_str     0x0000081d       0x69 C:/Microchip Starter Kits/PIC32 Starter Kits/MPLAB C32 Suite/bin/../lib/gcc/pic32mx/3.4.4/../../../../pic32mx/lib\libc.a(_exit.o)
                                 0xb3 (size before relaxing)
 .debug_str     0x00000886       0x71 C:/Microchip Starter Kits/PIC32 Starter Kits/MPLAB C32 Suite/bin/../lib/gcc/pic32mx/3.4.4/../../../../pic32mx/lib\libc.a(_mon_putc.o)
                                 0xbb (size before relaxing)
 .debug_str     0x000008f7       0x8f C:/Microchip Starter Kits/PIC32 Starter Kits/MPLAB C32 Suite/bin/../lib/gcc/pic32mx/3.4.4/../../../../pic32mx/lib\libmchp_peripheral.a(read_core_timer_lib.o)
                                 0xd9 (size before relaxing)

.debug_loc
 *(.debug_loc)

.debug_macinfo
 *(.debug_macinfo)

.debug_weaknames
 *(.debug_weaknames)

.debug_funcnames
 *(.debug_funcnames)

.debug_typenames
 *(.debug_typenames)

.debug_varnames
 *(.debug_varnames)

/DISCARD/
 *(.note.GNU-stack)
OUTPUT(battle_of_tanks.elf elf32-tradlittlemips)

.mdebug.abi32   0x9d005578        0x0

.rel.dyn        0x9d005578        0x0
