Archive member included because of file (symbol)

D:/Microchip Starter Kits/PIC32 Starter Kits/MPLAB C32 Suite/bin/../lib/gcc/pic32mx/3.4.4/../../../../pic32mx/lib\libc.a(general-exception.o)
                              D:/Microchip Starter Kits/PIC32 Starter Kits/MPLAB C32 Suite/bin/../lib/gcc/pic32mx/3.4.4/../../../../pic32mx/lib/crt0.o (_general_exception_context)
D:/Microchip Starter Kits/PIC32 Starter Kits/MPLAB C32 Suite/bin/../lib/gcc/pic32mx/3.4.4/../../../../pic32mx/lib\libc.a(exit.o)
                              D:/Microchip Starter Kits/PIC32 Starter Kits/MPLAB C32 Suite/bin/../lib/gcc/pic32mx/3.4.4/../../../../pic32mx/lib/crt0.o (exit)
D:/Microchip Starter Kits/PIC32 Starter Kits/MPLAB C32 Suite/bin/../lib/gcc/pic32mx/3.4.4/../../../../pic32mx/lib\libc.a(_iobdata.o)
                              D:/Microchip Starter Kits/PIC32 Starter Kits/MPLAB C32 Suite/bin/../lib/gcc/pic32mx/3.4.4/../../../../pic32mx/lib\libc.a(exit.o) (_libc_data)
D:/Microchip Starter Kits/PIC32 Starter Kits/MPLAB C32 Suite/bin/../lib/gcc/pic32mx/3.4.4/../../../../pic32mx/lib\libc.a(_iobfuncs.o)
                              D:/Microchip Starter Kits/PIC32 Starter Kits/MPLAB C32 Suite/bin/../lib/gcc/pic32mx/3.4.4/../../../../pic32mx/lib\libc.a(_iobdata.o) (_filbuf_simple)
D:/Microchip Starter Kits/PIC32 Starter Kits/MPLAB C32 Suite/bin/../lib/gcc/pic32mx/3.4.4/../../../../pic32mx/lib\libc.a(stubs.o)
                              D:/Microchip Starter Kits/PIC32 Starter Kits/MPLAB C32 Suite/bin/../lib/gcc/pic32mx/3.4.4/../../../../pic32mx/lib\libc.a(exit.o) (pthread_mutex_lock)
D:/Microchip Starter Kits/PIC32 Starter Kits/MPLAB C32 Suite/bin/../lib/gcc/pic32mx/3.4.4/../../../../pic32mx/lib\libc.a(default-general-exception-handler.o)
                              D:/Microchip Starter Kits/PIC32 Starter Kits/MPLAB C32 Suite/bin/../lib/gcc/pic32mx/3.4.4/../../../../pic32mx/lib\libc.a(general-exception.o) (_general_exception_handler)
D:/Microchip Starter Kits/PIC32 Starter Kits/MPLAB C32 Suite/bin/../lib/gcc/pic32mx/3.4.4/../../../../pic32mx/lib\libc.a(default-bootstrap-exception-handler.o)
                              D:/Microchip Starter Kits/PIC32 Starter Kits/MPLAB C32 Suite/bin/../lib/gcc/pic32mx/3.4.4/../../../../pic32mx/lib/crt0.o (_bootstrap_exception_handler)
D:/Microchip Starter Kits/PIC32 Starter Kits/MPLAB C32 Suite/bin/../lib/gcc/pic32mx/3.4.4/../../../../pic32mx/lib\libc.a(default-on-reset.o)
                              D:/Microchip Starter Kits/PIC32 Starter Kits/MPLAB C32 Suite/bin/../lib/gcc/pic32mx/3.4.4/../../../../pic32mx/lib/crt0.o (_on_reset)
D:/Microchip Starter Kits/PIC32 Starter Kits/MPLAB C32 Suite/bin/../lib/gcc/pic32mx/3.4.4/../../../../pic32mx/lib\libc.a(default-on-bootstrap.o)
                              D:/Microchip Starter Kits/PIC32 Starter Kits/MPLAB C32 Suite/bin/../lib/gcc/pic32mx/3.4.4/../../../../pic32mx/lib/crt0.o (_on_bootstrap)
D:/Microchip Starter Kits/PIC32 Starter Kits/MPLAB C32 Suite/bin/../lib/gcc/pic32mx/3.4.4/../../../../pic32mx/lib\libc.a(default-nmi-handler.o)
                              D:/Microchip Starter Kits/PIC32 Starter Kits/MPLAB C32 Suite/bin/../lib/gcc/pic32mx/3.4.4/../../../../pic32mx/lib/crt0.o (_nmi_handler)
D:/Microchip Starter Kits/PIC32 Starter Kits/MPLAB C32 Suite/bin/../lib/gcc/pic32mx/3.4.4/../../../../pic32mx/lib\libc.a(_mon_getc.o)
                              D:/Microchip Starter Kits/PIC32 Starter Kits/MPLAB C32 Suite/bin/../lib/gcc/pic32mx/3.4.4/../../../../pic32mx/lib\libc.a(_iobfuncs.o) (_mon_getc)
D:/Microchip Starter Kits/PIC32 Starter Kits/MPLAB C32 Suite/bin/../lib/gcc/pic32mx/3.4.4/../../../../pic32mx/lib\libc.a(_mon_write.o)
                              D:/Microchip Starter Kits/PIC32 Starter Kits/MPLAB C32 Suite/bin/../lib/gcc/pic32mx/3.4.4/../../../../pic32mx/lib\libc.a(_iobfuncs.o) (_mon_write)
D:/Microchip Starter Kits/PIC32 Starter Kits/MPLAB C32 Suite/bin/../lib/gcc/pic32mx/3.4.4/../../../../pic32mx/lib\libc.a(_exit.o)
                              D:/Microchip Starter Kits/PIC32 Starter Kits/MPLAB C32 Suite/bin/../lib/gcc/pic32mx/3.4.4/../../../../pic32mx/lib\libc.a(exit.o) (_exit)
D:/Microchip Starter Kits/PIC32 Starter Kits/MPLAB C32 Suite/bin/../lib/gcc/pic32mx/3.4.4/../../../../pic32mx/lib\libc.a(errno.o)
                              D:/Microchip Starter Kits/PIC32 Starter Kits/MPLAB C32 Suite/bin/../lib/gcc/pic32mx/3.4.4/../../../../pic32mx/lib\libc.a(_iobfuncs.o) (errno)
D:/Microchip Starter Kits/PIC32 Starter Kits/MPLAB C32 Suite/bin/../lib/gcc/pic32mx/3.4.4/../../../../pic32mx/lib\libc.a(_mon_putc.o)
                              D:/Microchip Starter Kits/PIC32 Starter Kits/MPLAB C32 Suite/bin/../lib/gcc/pic32mx/3.4.4/../../../../pic32mx/lib\libc.a(_mon_write.o) (_mon_putc)
D:/Microchip Starter Kits/PIC32 Starter Kits/MPLAB C32 Suite/bin/../lib/gcc/pic32mx/3.4.4/../../../../pic32mx/lib\libm.a(dp32.o)
                              joystick.o (dpadd)
D:/Microchip Starter Kits/PIC32 Starter Kits/MPLAB C32 Suite/bin/../lib/gcc/pic32mx/3.4.4/../../../../pic32mx/lib\libm.a(fp32.o)
                              joystick.o (fpdiv)
D:/Microchip Starter Kits/PIC32 Starter Kits/MPLAB C32 Suite/bin/../lib/gcc/pic32mx/3.4.4/../../../../pic32mx/lib\libmchp_peripheral_32MX795F512L.a(pcache.o)
                              joystick.o (CheKseg0CacheOn)
D:/Microchip Starter Kits/PIC32 Starter Kits/MPLAB C32 Suite/bin/../lib/gcc/pic32mx/3.4.4/../../../../pic32mx/lib\libmchp_peripheral_32MX795F512L.a(int_configure_system_lib.o)
                              joystick.o (INTConfigureSystem)
D:/Microchip Starter Kits/PIC32 Starter Kits/MPLAB C32 Suite/bin/../lib/gcc/pic32mx/3.4.4/../../../../pic32mx/lib\libmchp_peripheral_32MX795F512L.a(int_enable_interrupts_lib.o)
                              joystick.o (INTEnableInterrupts)
D:/Microchip Starter Kits/PIC32 Starter Kits/MPLAB C32 Suite/bin/../lib/gcc/pic32mx/3.4.4/../../../../pic32mx/lib\libmchp_peripheral_32MX795F512L.a(int_disable_interrupts_lib.o)
                              joystick.o (INTDisableInterrupts)
D:/Microchip Starter Kits/PIC32 Starter Kits/MPLAB C32 Suite/bin/../lib/gcc/pic32mx/3.4.4/../../../../pic32mx/lib\libmchp_peripheral_32MX795F512L.a(int_restore_interrupts_lib.o)
                              joystick.o (INTRestoreInterrupts)

Allocating common symbols
Common symbol       size              file

tank1_shoot_dir     0x4               joystick.o
tank2_shoot_dir     0x4               joystick.o
tank1_move_dir      0x4               joystick.o
tank2_move_dir      0x4               joystick.o

Microchip PIC32 Memory-Usage Report

kseg0 Program-Memory Usage
section                    address  length [bytes]      (dec)  Description
-------                 ----------  -------------------------  -----------
.text                   0x9d000000         0x3350       13136  Application's executable code 
.rodata                 0x9d003350           0x54          84  Read-only constant data 
.data                   0x9d0033a4           0xf4         244  Data-initialization template 
.sdata                  0x9d003498            0x4           4  Small data-initialization template 
      Total kseg0_program_mem used  :      0x349c       13468  2.6% of 0x80000

kseg0 Boot-Memory Usage
section                    address  length [bytes]      (dec)  Description
-------                 ----------  -------------------------  -----------
.startup                0x9fc00490          0x1e0         480  C startup code 
         Total kseg0_boot_mem used  :       0x1e0         480  19.9% of 0x970

Exception-Memory Usage 
section                    address  length [bytes]      (dec)  Description
-------                 ----------  -------------------------  -----------
.app_excpt              0x9fc01180           0x10          16  General-Exception handler 
.vector_27              0x9fc01560            0x8           8  Interrupt Vector 27 
          Total exception_mem used  :        0x18          24  0.6% of 0x1000

kseg1 Boot-Memory Usage
section                    address  length [bytes]      (dec)  Description
-------                 ----------  -------------------------  -----------
.reset                  0xbfc00000           0x10          16  Reset handler 
.bev_excpt              0xbfc00380           0x10          16  BEV-Exception handler 
         Total kseg1_boot_mem used  :        0x20          32  2.7% of 0x490
        --------------------------------------------------------------------------
         Total Program Memory used  :      0x36b4       14004  2.6% of 0x81e00
        --------------------------------------------------------------------------


kseg1 Data-Memory Usage
section                    address  length [bytes]      (dec)  Description
-------                 ----------  -------------------------  -----------
.data                   0xa0000000           0xf4         244  Initialized data 
.sdata                  0xa00000f4            0x4           4  Small initialized data 
.sbss                   0xa00000f8           0x34          52  Small uninitialized data 
.bss                    0xa000012c          0x55c        1372  Uninitialized data 
.stack                  0xa0000688          0x400        1024  Minimum space reserved for stack 
         Total kseg1_data_mem used  :       0xa88        2696  2.1% of 0x20000
        --------------------------------------------------------------------------
            Total Data Memory used  :       0xa88        2696  2.1% of 0x20000
        --------------------------------------------------------------------------

Memory Configuration

Name             Origin             Length             Attributes
kseg0_program_mem 0x9d000000         0x00080000         xr
kseg0_boot_mem   0x9fc00490         0x00000970
exception_mem    0x9fc01000         0x00001000
kseg1_boot_mem   0xbfc00000         0x00000490
debug_exec_mem   0xbfc02000         0x00000ff0
config3          0xbfc02ff0         0x00000004
config2          0xbfc02ff4         0x00000004
config1          0xbfc02ff8         0x00000004
config0          0xbfc02ffc         0x00000004
kseg1_data_mem   0xa0000000         0x00020000         w !x
sfrs             0xbf800000         0x00100000
configsfrs       0xbfc02ff0         0x00000010
*default*        0x00000000         0xffffffff

Linker script and memory map

LOAD D:/Microchip Starter Kits/PIC32 Starter Kits/MPLAB C32 Suite/bin/../lib/gcc/pic32mx/3.4.4/../../../../pic32mx/lib/crt0.o
LOAD joystick.o
                0x00000001                __MPLAB_BUILD = 0x1
                0x00000001                __MPLAB_DEBUG = 0x1
                0x00000001                __MPLAB_DEBUGGER_PIC32MXSK = 0x1
LOAD D:/Microchip Starter Kits/PIC32 Starter Kits/MPLAB C32 Suite/bin/../lib/gcc/pic32mx/3.4.4\libgcc.a
START GROUP
LOAD D:/Microchip Starter Kits/PIC32 Starter Kits/MPLAB C32 Suite/bin/../lib/gcc/pic32mx/3.4.4/../../../../pic32mx/lib\libdebug.a
LOAD D:/Microchip Starter Kits/PIC32 Starter Kits/MPLAB C32 Suite/bin/../lib/gcc/pic32mx/3.4.4/../../../../pic32mx/lib\libc.a
LOAD D:/Microchip Starter Kits/PIC32 Starter Kits/MPLAB C32 Suite/bin/../lib/gcc/pic32mx/3.4.4/../../../../pic32mx/lib\libm.a
LOAD D:/Microchip Starter Kits/PIC32 Starter Kits/MPLAB C32 Suite/bin/../lib/gcc/pic32mx/3.4.4/../../../../pic32mx/lib\libe.a
LOAD D:/Microchip Starter Kits/PIC32 Starter Kits/MPLAB C32 Suite/bin/../lib/gcc/pic32mx/3.4.4/../../../../pic32mx/lib\libdsp.a
LOAD D:/Microchip Starter Kits/PIC32 Starter Kits/MPLAB C32 Suite/bin/../lib/gcc/pic32mx/3.4.4/../../../../pic32mx/lib\libmchp_peripheral.a
LOAD D:/Microchip Starter Kits/PIC32 Starter Kits/MPLAB C32 Suite/bin/../lib/gcc/pic32mx/3.4.4/../../../../pic32mx/lib\libmchp_peripheral_32MX795F512L.a
END GROUP
LOAD D:/Microchip Starter Kits/PIC32 Starter Kits/MPLAB C32 Suite/bin/../lib/gcc/pic32mx/3.4.4\libgcc.a
                0x00000400                PROVIDE (_min_stack_size, 0x400)
                0x00000000                PROVIDE (_min_heap_size, 0x0)
LOAD D:/Microchip Starter Kits/PIC32 Starter Kits/MPLAB C32 Suite/bin/../lib/gcc/pic32mx/3.4.4/../../../../pic32mx/lib/./proc/32MX795F512L\processor.o
                0x00000001                PROVIDE (_vector_spacing, 0x1)
                0x9fc01000                _ebase_address = 0x9fc01000
                0xbfc00000                _RESET_ADDR = 0xbfc00000
                0xbfc00380                _BEV_EXCPT_ADDR = 0xbfc00380
                0xbfc00480                _DBG_EXCPT_ADDR = 0xbfc00480
                0xbfc02000                _DBG_CODE_ADDR = 0xbfc02000
                0x9fc01180                _GEN_EXCPT_ADDR = (_ebase_address + 0x180)

.config_BFC02FF0
 *(.config_BFC02FF0)

.config_BFC02FF4
 *(.config_BFC02FF4)

.config_BFC02FF8
 *(.config_BFC02FF8)

.config_BFC02FFC
 *(.config_BFC02FFC)

.reset          0xbfc00000       0x10
 *(.reset)
 .reset         0xbfc00000       0x10 D:/Microchip Starter Kits/PIC32 Starter Kits/MPLAB C32 Suite/bin/../lib/gcc/pic32mx/3.4.4/../../../../pic32mx/lib/crt0.o
                0xbfc00000                _reset

.bev_excpt      0xbfc00380       0x10
 *(.bev_handler)
 .bev_handler   0xbfc00380       0x10 D:/Microchip Starter Kits/PIC32 Starter Kits/MPLAB C32 Suite/bin/../lib/gcc/pic32mx/3.4.4/../../../../pic32mx/lib/crt0.o

.dbg_excpt      0xbfc00480        0x0
                0xbfc00480                . = (. + DEFINED (_DEBUGGER)?0x8:0x0)

.dbg_code       0xbfc02000        0x0
                0xbfc02000                . = (. + DEFINED (_DEBUGGER)?0xff0:0x0)

.app_excpt      0x9fc01180       0x10
 *(.gen_handler)
 .gen_handler   0x9fc01180       0x10 D:/Microchip Starter Kits/PIC32 Starter Kits/MPLAB C32 Suite/bin/../lib/gcc/pic32mx/3.4.4/../../../../pic32mx/lib/crt0.o

.vector_0       0x9fc01200        0x0
 *(.vector_0)
                0x00000001                ASSERT (((_vector_spacing == 0x0) || (SIZEOF (.vector_0) <= (_vector_spacing << 0x5))), function at exception vector 0 too large)

.vector_1       0x9fc01220        0x0
 *(.vector_1)
                0x00000001                ASSERT (((_vector_spacing == 0x0) || (SIZEOF (.vector_1) <= (_vector_spacing << 0x5))), function at exception vector 1 too large)

.vector_2       0x9fc01240        0x0
 *(.vector_2)
                0x00000001                ASSERT (((_vector_spacing == 0x0) || (SIZEOF (.vector_2) <= (_vector_spacing << 0x5))), function at exception vector 2 too large)

.vector_3       0x9fc01260        0x0
 *(.vector_3)
                0x00000001                ASSERT (((_vector_spacing == 0x0) || (SIZEOF (.vector_3) <= (_vector_spacing << 0x5))), function at exception vector 3 too large)

.vector_4       0x9fc01280        0x0
 *(.vector_4)
                0x00000001                ASSERT (((_vector_spacing == 0x0) || (SIZEOF (.vector_4) <= (_vector_spacing << 0x5))), function at exception vector 4 too large)

.vector_5       0x9fc012a0        0x0
 *(.vector_5)
                0x00000001                ASSERT (((_vector_spacing == 0x0) || (SIZEOF (.vector_5) <= (_vector_spacing << 0x5))), function at exception vector 5 too large)

.vector_6       0x9fc012c0        0x0
 *(.vector_6)
                0x00000001                ASSERT (((_vector_spacing == 0x0) || (SIZEOF (.vector_6) <= (_vector_spacing << 0x5))), function at exception vector 6 too large)

.vector_7       0x9fc012e0        0x0
 *(.vector_7)
                0x00000001                ASSERT (((_vector_spacing == 0x0) || (SIZEOF (.vector_7) <= (_vector_spacing << 0x5))), function at exception vector 7 too large)

.vector_8       0x9fc01300        0x0
 *(.vector_8)
                0x00000001                ASSERT (((_vector_spacing == 0x0) || (SIZEOF (.vector_8) <= (_vector_spacing << 0x5))), function at exception vector 8 too large)

.vector_9       0x9fc01320        0x0
 *(.vector_9)
                0x00000001                ASSERT (((_vector_spacing == 0x0) || (SIZEOF (.vector_9) <= (_vector_spacing << 0x5))), function at exception vector 9 too large)

.vector_10      0x9fc01340        0x0
 *(.vector_10)
                0x00000001                ASSERT (((_vector_spacing == 0x0) || (SIZEOF (.vector_10) <= (_vector_spacing << 0x5))), function at exception vector 10 too large)

.vector_11      0x9fc01360        0x0
 *(.vector_11)
                0x00000001                ASSERT (((_vector_spacing == 0x0) || (SIZEOF (.vector_11) <= (_vector_spacing << 0x5))), function at exception vector 11 too large)

.vector_12      0x9fc01380        0x0
 *(.vector_12)
                0x00000001                ASSERT (((_vector_spacing == 0x0) || (SIZEOF (.vector_12) <= (_vector_spacing << 0x5))), function at exception vector 12 too large)

.vector_13      0x9fc013a0        0x0
 *(.vector_13)
                0x00000001                ASSERT (((_vector_spacing == 0x0) || (SIZEOF (.vector_13) <= (_vector_spacing << 0x5))), function at exception vector 13 too large)

.vector_14      0x9fc013c0        0x0
 *(.vector_14)
                0x00000001                ASSERT (((_vector_spacing == 0x0) || (SIZEOF (.vector_14) <= (_vector_spacing << 0x5))), function at exception vector 14 too large)

.vector_15      0x9fc013e0        0x0
 *(.vector_15)
                0x00000001                ASSERT (((_vector_spacing == 0x0) || (SIZEOF (.vector_15) <= (_vector_spacing << 0x5))), function at exception vector 15 too large)

.vector_16      0x9fc01400        0x0
 *(.vector_16)
                0x00000001                ASSERT (((_vector_spacing == 0x0) || (SIZEOF (.vector_16) <= (_vector_spacing << 0x5))), function at exception vector 16 too large)

.vector_17      0x9fc01420        0x0
 *(.vector_17)
                0x00000001                ASSERT (((_vector_spacing == 0x0) || (SIZEOF (.vector_17) <= (_vector_spacing << 0x5))), function at exception vector 17 too large)

.vector_18      0x9fc01440        0x0
 *(.vector_18)
                0x00000001                ASSERT (((_vector_spacing == 0x0) || (SIZEOF (.vector_18) <= (_vector_spacing << 0x5))), function at exception vector 18 too large)

.vector_19      0x9fc01460        0x0
 *(.vector_19)
                0x00000001                ASSERT (((_vector_spacing == 0x0) || (SIZEOF (.vector_19) <= (_vector_spacing << 0x5))), function at exception vector 19 too large)

.vector_20      0x9fc01480        0x0
 *(.vector_20)
                0x00000001                ASSERT (((_vector_spacing == 0x0) || (SIZEOF (.vector_20) <= (_vector_spacing << 0x5))), function at exception vector 20 too large)

.vector_21      0x9fc014a0        0x0
 *(.vector_21)
                0x00000001                ASSERT (((_vector_spacing == 0x0) || (SIZEOF (.vector_21) <= (_vector_spacing << 0x5))), function at exception vector 21 too large)

.vector_22      0x9fc014c0        0x0
 *(.vector_22)
                0x00000001                ASSERT (((_vector_spacing == 0x0) || (SIZEOF (.vector_22) <= (_vector_spacing << 0x5))), function at exception vector 22 too large)

.vector_23      0x9fc014e0        0x0
 *(.vector_23)
                0x00000001                ASSERT (((_vector_spacing == 0x0) || (SIZEOF (.vector_23) <= (_vector_spacing << 0x5))), function at exception vector 23 too large)

.vector_24      0x9fc01500        0x0
 *(.vector_24)
                0x00000001                ASSERT (((_vector_spacing == 0x0) || (SIZEOF (.vector_24) <= (_vector_spacing << 0x5))), function at exception vector 24 too large)

.vector_25      0x9fc01520        0x0
 *(.vector_25)
                0x00000001                ASSERT (((_vector_spacing == 0x0) || (SIZEOF (.vector_25) <= (_vector_spacing << 0x5))), function at exception vector 25 too large)

.vector_26      0x9fc01540        0x0
 *(.vector_26)
                0x00000001                ASSERT (((_vector_spacing == 0x0) || (SIZEOF (.vector_26) <= (_vector_spacing << 0x5))), function at exception vector 26 too large)

.vector_27      0x9fc01560        0x8
 *(.vector_27)
 .vector_27     0x9fc01560        0x8 joystick.o
                0x00000001                ASSERT (((_vector_spacing == 0x0) || (SIZEOF (.vector_27) <= (_vector_spacing << 0x5))), function at exception vector 27 too large)

.vector_28      0x9fc01580        0x0
 *(.vector_28)
                0x00000001                ASSERT (((_vector_spacing == 0x0) || (SIZEOF (.vector_28) <= (_vector_spacing << 0x5))), function at exception vector 28 too large)

.vector_29      0x9fc015a0        0x0
 *(.vector_29)
                0x00000001                ASSERT (((_vector_spacing == 0x0) || (SIZEOF (.vector_29) <= (_vector_spacing << 0x5))), function at exception vector 29 too large)

.vector_30      0x9fc015c0        0x0
 *(.vector_30)
                0x00000001                ASSERT (((_vector_spacing == 0x0) || (SIZEOF (.vector_30) <= (_vector_spacing << 0x5))), function at exception vector 30 too large)

.vector_31      0x9fc015e0        0x0
 *(.vector_31)
                0x00000001                ASSERT (((_vector_spacing == 0x0) || (SIZEOF (.vector_31) <= (_vector_spacing << 0x5))), function at exception vector 31 too large)

.vector_32      0x9fc01600        0x0
 *(.vector_32)
                0x00000001                ASSERT (((_vector_spacing == 0x0) || (SIZEOF (.vector_32) <= (_vector_spacing << 0x5))), function at exception vector 32 too large)

.vector_33      0x9fc01620        0x0
 *(.vector_33)
                0x00000001                ASSERT (((_vector_spacing == 0x0) || (SIZEOF (.vector_33) <= (_vector_spacing << 0x5))), function at exception vector 33 too large)

.vector_34      0x9fc01640        0x0
 *(.vector_34)
                0x00000001                ASSERT (((_vector_spacing == 0x0) || (SIZEOF (.vector_34) <= (_vector_spacing << 0x5))), function at exception vector 34 too large)

.vector_35      0x9fc01660        0x0
 *(.vector_35)
                0x00000001                ASSERT (((_vector_spacing == 0x0) || (SIZEOF (.vector_35) <= (_vector_spacing << 0x5))), function at exception vector 35 too large)

.vector_36      0x9fc01680        0x0
 *(.vector_36)
                0x00000001                ASSERT (((_vector_spacing == 0x0) || (SIZEOF (.vector_36) <= (_vector_spacing << 0x5))), function at exception vector 36 too large)

.vector_37      0x9fc016a0        0x0
 *(.vector_37)
                0x00000001                ASSERT (((_vector_spacing == 0x0) || (SIZEOF (.vector_37) <= (_vector_spacing << 0x5))), function at exception vector 37 too large)

.vector_38      0x9fc016c0        0x0
 *(.vector_38)
                0x00000001                ASSERT (((_vector_spacing == 0x0) || (SIZEOF (.vector_38) <= (_vector_spacing << 0x5))), function at exception vector 38 too large)

.vector_39      0x9fc016e0        0x0
 *(.vector_39)
                0x00000001                ASSERT (((_vector_spacing == 0x0) || (SIZEOF (.vector_39) <= (_vector_spacing << 0x5))), function at exception vector 39 too large)

.vector_40      0x9fc01700        0x0
 *(.vector_40)
                0x00000001                ASSERT (((_vector_spacing == 0x0) || (SIZEOF (.vector_40) <= (_vector_spacing << 0x5))), function at exception vector 40 too large)

.vector_41      0x9fc01720        0x0
 *(.vector_41)
                0x00000001                ASSERT (((_vector_spacing == 0x0) || (SIZEOF (.vector_41) <= (_vector_spacing << 0x5))), function at exception vector 41 too large)

.vector_42      0x9fc01740        0x0
 *(.vector_42)
                0x00000001                ASSERT (((_vector_spacing == 0x0) || (SIZEOF (.vector_42) <= (_vector_spacing << 0x5))), function at exception vector 42 too large)

.vector_43      0x9fc01760        0x0
 *(.vector_43)
                0x00000001                ASSERT (((_vector_spacing == 0x0) || (SIZEOF (.vector_43) <= (_vector_spacing << 0x5))), function at exception vector 43 too large)

.vector_44      0x9fc01780        0x0
 *(.vector_44)
                0x00000001                ASSERT (((_vector_spacing == 0x0) || (SIZEOF (.vector_44) <= (_vector_spacing << 0x5))), function at exception vector 44 too large)

.vector_45      0x9fc017a0        0x0
 *(.vector_45)
                0x00000001                ASSERT (((_vector_spacing == 0x0) || (SIZEOF (.vector_45) <= (_vector_spacing << 0x5))), function at exception vector 45 too large)

.vector_46      0x9fc017c0        0x0
 *(.vector_46)
                0x00000001                ASSERT (((_vector_spacing == 0x0) || (SIZEOF (.vector_46) <= (_vector_spacing << 0x5))), function at exception vector 46 too large)

.vector_47      0x9fc017e0        0x0
 *(.vector_47)
                0x00000001                ASSERT (((_vector_spacing == 0x0) || (SIZEOF (.vector_47) <= (_vector_spacing << 0x5))), function at exception vector 47 too large)

.vector_48      0x9fc01800        0x0
 *(.vector_48)
                0x00000001                ASSERT (((_vector_spacing == 0x0) || (SIZEOF (.vector_48) <= (_vector_spacing << 0x5))), function at exception vector 48 too large)

.vector_49      0x9fc01820        0x0
 *(.vector_49)
                0x00000001                ASSERT (((_vector_spacing == 0x0) || (SIZEOF (.vector_49) <= (_vector_spacing << 0x5))), function at exception vector 49 too large)

.vector_50      0x9fc01840        0x0
 *(.vector_50)
                0x00000001                ASSERT (((_vector_spacing == 0x0) || (SIZEOF (.vector_50) <= (_vector_spacing << 0x5))), function at exception vector 50 too large)

.vector_51      0x9fc01860        0x0
 *(.vector_51)
                0x00000001                ASSERT (((_vector_spacing == 0x0) || (SIZEOF (.vector_51) <= (_vector_spacing << 0x5))), function at exception vector 51 too large)

.vector_52      0x9fc01880        0x0
 *(.vector_52)
                0x00000001                ASSERT (((_vector_spacing == 0x0) || (SIZEOF (.vector_52) <= (_vector_spacing << 0x5))), function at exception vector 52 too large)

.vector_53      0x9fc018a0        0x0
 *(.vector_53)
                0x00000001                ASSERT (((_vector_spacing == 0x0) || (SIZEOF (.vector_53) <= (_vector_spacing << 0x5))), function at exception vector 53 too large)

.vector_54      0x9fc018c0        0x0
 *(.vector_54)
                0x00000001                ASSERT (((_vector_spacing == 0x0) || (SIZEOF (.vector_54) <= (_vector_spacing << 0x5))), function at exception vector 54 too large)

.vector_55      0x9fc018e0        0x0
 *(.vector_55)
                0x00000001                ASSERT (((_vector_spacing == 0x0) || (SIZEOF (.vector_55) <= (_vector_spacing << 0x5))), function at exception vector 55 too large)

.vector_56      0x9fc01900        0x0
 *(.vector_56)
                0x00000001                ASSERT (((_vector_spacing == 0x0) || (SIZEOF (.vector_56) <= (_vector_spacing << 0x5))), function at exception vector 56 too large)

.vector_57      0x9fc01920        0x0
 *(.vector_57)
                0x00000001                ASSERT (((_vector_spacing == 0x0) || (SIZEOF (.vector_57) <= (_vector_spacing << 0x5))), function at exception vector 57 too large)

.vector_58      0x9fc01940        0x0
 *(.vector_58)
                0x00000001                ASSERT (((_vector_spacing == 0x0) || (SIZEOF (.vector_58) <= (_vector_spacing << 0x5))), function at exception vector 58 too large)

.vector_59      0x9fc01960        0x0
 *(.vector_59)
                0x00000001                ASSERT (((_vector_spacing == 0x0) || (SIZEOF (.vector_59) <= (_vector_spacing << 0x5))), function at exception vector 59 too large)

.vector_60      0x9fc01980        0x0
 *(.vector_60)
                0x00000001                ASSERT (((_vector_spacing == 0x0) || (SIZEOF (.vector_60) <= (_vector_spacing << 0x5))), function at exception vector 60 too large)

.vector_61      0x9fc019a0        0x0
 *(.vector_61)
                0x00000001                ASSERT (((_vector_spacing == 0x0) || (SIZEOF (.vector_61) <= (_vector_spacing << 0x5))), function at exception vector 61 too large)

.vector_62      0x9fc019c0        0x0
 *(.vector_62)
                0x00000001                ASSERT (((_vector_spacing == 0x0) || (SIZEOF (.vector_62) <= (_vector_spacing << 0x5))), function at exception vector 62 too large)

.vector_63      0x9fc019e0        0x0
 *(.vector_63)
                0x00000001                ASSERT (((_vector_spacing == 0x0) || (SIZEOF (.vector_63) <= (_vector_spacing << 0x5))), function at exception vector 63 too large)

.startup        0x9fc00490      0x1e0
 *(.startup)
 .startup       0x9fc00490      0x1e0 D:/Microchip Starter Kits/PIC32 Starter Kits/MPLAB C32 Suite/bin/../lib/gcc/pic32mx/3.4.4/../../../../pic32mx/lib/crt0.o

.text           0x9d000000     0x3350
                0x9d000000                _text_begin = .
 *(.text .stub .text.* .gnu.linkonce.t.*)
 .text          0x9d000000       0x18 D:/Microchip Starter Kits/PIC32 Starter Kits/MPLAB C32 Suite/bin/../lib/gcc/pic32mx/3.4.4/../../../../pic32mx/lib/crt0.o
 .text          0x9d000018     0x1360 joystick.o
                0x9d000f1c                main
                0x9d000d88                ADC_config
                0x9d000018                AN_ISR
 .text.general_exception
                0x9d001378       0xd0 D:/Microchip Starter Kits/PIC32 Starter Kits/MPLAB C32 Suite/bin/../lib/gcc/pic32mx/3.4.4/../../../../pic32mx/lib\libc.a(general-exception.o)
                0x9d001378                _general_exception_context
 .text.exit     0x9d001448       0xa4 D:/Microchip Starter Kits/PIC32 Starter Kits/MPLAB C32 Suite/bin/../lib/gcc/pic32mx/3.4.4/../../../../pic32mx/lib\libc.a(exit.o)
                0x9d001448                exit
 .text._filbuf_simple
                0x9d0014ec       0x28 D:/Microchip Starter Kits/PIC32 Starter Kits/MPLAB C32 Suite/bin/../lib/gcc/pic32mx/3.4.4/../../../../pic32mx/lib\libc.a(_iobfuncs.o)
                0x9d0014ec                _filbuf_simple
 .text._fflush_simple
                0x9d001514       0x68 D:/Microchip Starter Kits/PIC32 Starter Kits/MPLAB C32 Suite/bin/../lib/gcc/pic32mx/3.4.4/../../../../pic32mx/lib\libc.a(_iobfuncs.o)
                0x9d001514                _fflush_simple
 .text._flsbuf_simple
                0x9d00157c       0xe8 D:/Microchip Starter Kits/PIC32 Starter Kits/MPLAB C32 Suite/bin/../lib/gcc/pic32mx/3.4.4/../../../../pic32mx/lib\libc.a(_iobfuncs.o)
                0x9d00157c                _flsbuf_simple
 .text._fwrite_simple
                0x9d001664       0x84 D:/Microchip Starter Kits/PIC32 Starter Kits/MPLAB C32 Suite/bin/../lib/gcc/pic32mx/3.4.4/../../../../pic32mx/lib\libc.a(_iobfuncs.o)
                0x9d001664                _fwrite_simple
 .text._fsync_simple
                0x9d0016e8       0x34 D:/Microchip Starter Kits/PIC32 Starter Kits/MPLAB C32 Suite/bin/../lib/gcc/pic32mx/3.4.4/../../../../pic32mx/lib\libc.a(_iobfuncs.o)
                0x9d0016e8                _fsync_simple
 .text._weak_pthread_mutex_init
                0x9d00171c        0x8 D:/Microchip Starter Kits/PIC32 Starter Kits/MPLAB C32 Suite/bin/../lib/gcc/pic32mx/3.4.4/../../../../pic32mx/lib\libc.a(stubs.o)
                0x9d00171c                _weak_pthread_mutex_init
                0x9d00171c                pthread_mutex_init
 .text._weak_pthread_mutex_destroy
                0x9d001724        0x8 D:/Microchip Starter Kits/PIC32 Starter Kits/MPLAB C32 Suite/bin/../lib/gcc/pic32mx/3.4.4/../../../../pic32mx/lib\libc.a(stubs.o)
                0x9d001724                _weak_pthread_mutex_destroy
                0x9d001724                pthread_mutex_destroy
 .text._weak_pthread_mutex_lock
                0x9d00172c        0x8 D:/Microchip Starter Kits/PIC32 Starter Kits/MPLAB C32 Suite/bin/../lib/gcc/pic32mx/3.4.4/../../../../pic32mx/lib\libc.a(stubs.o)
                0x9d00172c                _weak_pthread_mutex_lock
                0x9d00172c                pthread_mutex_lock
 .text._weak_pthread_mutex_trylock
                0x9d001734        0x8 D:/Microchip Starter Kits/PIC32 Starter Kits/MPLAB C32 Suite/bin/../lib/gcc/pic32mx/3.4.4/../../../../pic32mx/lib\libc.a(stubs.o)
                0x9d001734                _weak_pthread_mutex_trylock
                0x9d001734                pthread_mutex_trylock
 .text._weak_pthread_mutex_unlock
                0x9d00173c        0x8 D:/Microchip Starter Kits/PIC32 Starter Kits/MPLAB C32 Suite/bin/../lib/gcc/pic32mx/3.4.4/../../../../pic32mx/lib\libc.a(stubs.o)
                0x9d00173c                _weak_pthread_mutex_unlock
                0x9d00173c                pthread_mutex_unlock
 .text._weak_pthread_mutex_setname_np
                0x9d001744        0x8 D:/Microchip Starter Kits/PIC32 Starter Kits/MPLAB C32 Suite/bin/../lib/gcc/pic32mx/3.4.4/../../../../pic32mx/lib\libc.a(stubs.o)
                0x9d001744                pthread_mutex_setname_np
                0x9d001744                _weak_pthread_mutex_setname_np
 .text._weak_pthread_mutexattr_init
                0x9d00174c        0x8 D:/Microchip Starter Kits/PIC32 Starter Kits/MPLAB C32 Suite/bin/../lib/gcc/pic32mx/3.4.4/../../../../pic32mx/lib\libc.a(stubs.o)
                0x9d00174c                _weak_pthread_mutexattr_init
                0x9d00174c                pthread_mutexattr_init
 .text._weak_pthread_mutexattr_destroy
                0x9d001754        0x8 D:/Microchip Starter Kits/PIC32 Starter Kits/MPLAB C32 Suite/bin/../lib/gcc/pic32mx/3.4.4/../../../../pic32mx/lib\libc.a(stubs.o)
                0x9d001754                pthread_mutexattr_destroy
                0x9d001754                _weak_pthread_mutexattr_destroy
 .text._weak_pthread_mutexattr_setname_np
                0x9d00175c        0x8 D:/Microchip Starter Kits/PIC32 Starter Kits/MPLAB C32 Suite/bin/../lib/gcc/pic32mx/3.4.4/../../../../pic32mx/lib\libc.a(stubs.o)
                0x9d00175c                _weak_pthread_mutexattr_setname_np
                0x9d00175c                pthread_mutexattr_setname_np
 .text._weak_pthread_mutexattr_settype_np
                0x9d001764        0x8 D:/Microchip Starter Kits/PIC32 Starter Kits/MPLAB C32 Suite/bin/../lib/gcc/pic32mx/3.4.4/../../../../pic32mx/lib\libc.a(stubs.o)
                0x9d001764                _weak_pthread_mutexattr_settype_np
                0x9d001764                pthread_mutexattr_settype_np
 .text._weak_pthread_sysconf_np
                0x9d00176c        0x8 D:/Microchip Starter Kits/PIC32 Starter Kits/MPLAB C32 Suite/bin/../lib/gcc/pic32mx/3.4.4/../../../../pic32mx/lib\libc.a(stubs.o)
                0x9d00176c                _weak_pthread_sysconf_np
                0x9d00176c                pthread_sysconf_np
 .text._weak_pthread_sigdisable_np
                0x9d001774        0x8 D:/Microchip Starter Kits/PIC32 Starter Kits/MPLAB C32 Suite/bin/../lib/gcc/pic32mx/3.4.4/../../../../pic32mx/lib\libc.a(stubs.o)
                0x9d001774                _weak_pthread_sigdisable_np
                0x9d001774                pthread_sigdisable_np
 .text._weak_pthread_sigrestore_np
                0x9d00177c        0x8 D:/Microchip Starter Kits/PIC32 Starter Kits/MPLAB C32 Suite/bin/../lib/gcc/pic32mx/3.4.4/../../../../pic32mx/lib\libc.a(stubs.o)
                0x9d00177c                pthread_sigrestore_np
                0x9d00177c                _weak_pthread_sigrestore_np
 .text._weak__pthread_cleanup_push
                0x9d001784        0x8 D:/Microchip Starter Kits/PIC32 Starter Kits/MPLAB C32 Suite/bin/../lib/gcc/pic32mx/3.4.4/../../../../pic32mx/lib\libc.a(stubs.o)
                0x9d001784                _weak__pthread_cleanup_push
                0x9d001784                _pthread_cleanup_push
 .text._weak__pthread_cleanup_pop
                0x9d00178c        0x8 D:/Microchip Starter Kits/PIC32 Starter Kits/MPLAB C32 Suite/bin/../lib/gcc/pic32mx/3.4.4/../../../../pic32mx/lib\libc.a(stubs.o)
                0x9d00178c                _pthread_cleanup_pop
                0x9d00178c                _weak__pthread_cleanup_pop
 .text._weak__pthread_cleanup_push_defer
                0x9d001794        0x8 D:/Microchip Starter Kits/PIC32 Starter Kits/MPLAB C32 Suite/bin/../lib/gcc/pic32mx/3.4.4/../../../../pic32mx/lib\libc.a(stubs.o)
                0x9d001794                _weak__pthread_cleanup_push_defer
                0x9d001794                _pthread_cleanup_push_defer
 .text._weak__pthread_cleanup_pop_restore
                0x9d00179c        0x8 D:/Microchip Starter Kits/PIC32 Starter Kits/MPLAB C32 Suite/bin/../lib/gcc/pic32mx/3.4.4/../../../../pic32mx/lib\libc.a(stubs.o)
                0x9d00179c                _pthread_cleanup_pop_restore
                0x9d00179c                _weak__pthread_cleanup_pop_restore
 .text._weak_pthread_once
                0x9d0017a4       0x2c D:/Microchip Starter Kits/PIC32 Starter Kits/MPLAB C32 Suite/bin/../lib/gcc/pic32mx/3.4.4/../../../../pic32mx/lib\libc.a(stubs.o)
                0x9d0017a4                _weak_pthread_once
                0x9d0017a4                pthread_once
                0x9d0017a4                _pthread_once
 .text._weak_pthread_key_create
                0x9d0017d0        0x8 D:/Microchip Starter Kits/PIC32 Starter Kits/MPLAB C32 Suite/bin/../lib/gcc/pic32mx/3.4.4/../../../../pic32mx/lib\libc.a(stubs.o)
                0x9d0017d0                pthread_key_create
                0x9d0017d0                _weak_pthread_key_create
 .text._weak_pthread_setspecific
                0x9d0017d8        0x8 D:/Microchip Starter Kits/PIC32 Starter Kits/MPLAB C32 Suite/bin/../lib/gcc/pic32mx/3.4.4/../../../../pic32mx/lib\libc.a(stubs.o)
                0x9d0017d8                _weak_pthread_setspecific
                0x9d0017d8                pthread_setspecific
 .text._weak_pthread_getspecific
                0x9d0017e0        0x8 D:/Microchip Starter Kits/PIC32 Starter Kits/MPLAB C32 Suite/bin/../lib/gcc/pic32mx/3.4.4/../../../../pic32mx/lib\libc.a(stubs.o)
                0x9d0017e0                pthread_getspecific
                0x9d0017e0                _weak_pthread_getspecific
 .text._weak__libc_private_storage
                0x9d0017e8        0x8 D:/Microchip Starter Kits/PIC32 Starter Kits/MPLAB C32 Suite/bin/../lib/gcc/pic32mx/3.4.4/../../../../pic32mx/lib\libc.a(stubs.o)
                0x9d0017e8                _libc_private_storage
                0x9d0017e8                _weak__libc_private_storage
 .text._general_exception_handler
                0x9d0017f0        0x8 D:/Microchip Starter Kits/PIC32 Starter Kits/MPLAB C32 Suite/bin/../lib/gcc/pic32mx/3.4.4/../../../../pic32mx/lib\libc.a(default-general-exception-handler.o)
                0x9d0017f0                _general_exception_handler
 .text._bootstrap_exception_handler
                0x9d0017f8        0x8 D:/Microchip Starter Kits/PIC32 Starter Kits/MPLAB C32 Suite/bin/../lib/gcc/pic32mx/3.4.4/../../../../pic32mx/lib\libc.a(default-bootstrap-exception-handler.o)
                0x9d0017f8                _bootstrap_exception_handler
 .text._on_reset
                0x9d001800        0x8 D:/Microchip Starter Kits/PIC32 Starter Kits/MPLAB C32 Suite/bin/../lib/gcc/pic32mx/3.4.4/../../../../pic32mx/lib\libc.a(default-on-reset.o)
                0x9d001800                _on_reset
 .text._on_bootstrap
                0x9d001808        0x8 D:/Microchip Starter Kits/PIC32 Starter Kits/MPLAB C32 Suite/bin/../lib/gcc/pic32mx/3.4.4/../../../../pic32mx/lib\libc.a(default-on-bootstrap.o)
                0x9d001808                _on_bootstrap
 .text          0x9d001810       0x18 D:/Microchip Starter Kits/PIC32 Starter Kits/MPLAB C32 Suite/bin/../lib/gcc/pic32mx/3.4.4/../../../../pic32mx/lib\libc.a(default-nmi-handler.o)
                0x9d001810                _nmi_handler
 .text._mon_getc
                0x9d001828        0x8 D:/Microchip Starter Kits/PIC32 Starter Kits/MPLAB C32 Suite/bin/../lib/gcc/pic32mx/3.4.4/../../../../pic32mx/lib\libc.a(_mon_getc.o)
                0x9d001828                _mon_getc
 .text._mon_write
                0x9d001830       0x4c D:/Microchip Starter Kits/PIC32 Starter Kits/MPLAB C32 Suite/bin/../lib/gcc/pic32mx/3.4.4/../../../../pic32mx/lib\libc.a(_mon_write.o)
                0x9d001830                _mon_write
 .text._exit    0x9d00187c        0x8 D:/Microchip Starter Kits/PIC32 Starter Kits/MPLAB C32 Suite/bin/../lib/gcc/pic32mx/3.4.4/../../../../pic32mx/lib\libc.a(_exit.o)
                0x9d00187c                _exit
 .text._mon_putc
                0x9d001884       0x28 D:/Microchip Starter Kits/PIC32 Starter Kits/MPLAB C32 Suite/bin/../lib/gcc/pic32mx/3.4.4/../../../../pic32mx/lib\libc.a(_mon_putc.o)
                0x9d001884                _mon_putc
 .text          0x9d0018ac     0x1128 D:/Microchip Starter Kits/PIC32 Starter Kits/MPLAB C32 Suite/bin/../lib/gcc/pic32mx/3.4.4/../../../../pic32mx/lib\libm.a(dp32.o)
                0x9d00295c                fabs
                0x9d002820                __eqdf2
                0x9d002820                __gtdf2
                0x9d0018ac                dpsub
                0x9d0024b4                __floatsidf
                0x9d002820                __ltdf2
                0x9d002528                ultodp
                0x9d001cd8                dpmul
                0x9d00261c                dptofp
                0x9d00279c                __fixunsdfsi
                0x9d002820                dpcmp
                0x9d002578                __extendsfdf2
                0x9d0018b4                __adddf3
                0x9d00279c                dptoul
                0x9d002000                dpdiv
                0x9d0024b4                litodp
                0x9d002714                __fixdfsi
                0x9d002820                __ledf2
                0x9d002578                fptodp
                0x9d002944                __negdf2
                0x9d0018b4                dpadd
                0x9d002000                __divdf3
                0x9d001cd8                __muldf3
                0x9d00261c                __truncdfsf2
                0x9d002820                __nedf2
                0x9d002714                dptoli
                0x9d002978                nan
                0x9d00295c                dpfabs
                0x9d002820                __gedf2
                0x9d002978                dpnan
                0x9d0018ac                __subdf3
 .text          0x9d0029d4      0x8ec D:/Microchip Starter Kits/PIC32 Starter Kits/MPLAB C32 Suite/bin/../lib/gcc/pic32mx/3.4.4/../../../../pic32mx/lib\libm.a(fp32.o)
                0x9d002e00                __divsf3
                0x9d00302c                sitofp
                0x9d0030d4                __fixsfsi
                0x9d002e00                fpdiv
                0x9d0029d4                __subsf3
                0x9d0030d4                fptoli
                0x9d0031c0                __lesf2
                0x9d003254                fabsf
                0x9d0031c0                __nesf2
                0x9d003088                uitofp
                0x9d0031c0                __gtsf2
                0x9d00314c                fptoui
                0x9d003254                fpfabs
                0x9d00302c                __floatsisf
                0x9d0030d4                fptosi
                0x9d003274                fpnan
                0x9d0031c0                __eqsf2
                0x9d0029dc                fpadd
                0x9d003264                __negsf2
                0x9d0031c0                __ltsf2
                0x9d0029d4                fpsub
                0x9d0031c0                fpcmp
                0x9d002c48                __mulsf3
                0x9d0031c0                __gesf2
                0x9d003274                nanf
                0x9d00302c                litofp
                0x9d002c48                fpmul
                0x9d00314c                __fixunssfsi
                0x9d0029dc                __addsf3
                0x9d00314c                fptoul
                0x9d003088                ultofp
 .text.CheKseg0CacheOff
                0x9d0032c0       0x18 D:/Microchip Starter Kits/PIC32 Starter Kits/MPLAB C32 Suite/bin/../lib/gcc/pic32mx/3.4.4/../../../../pic32mx/lib\libmchp_peripheral_32MX795F512L.a(pcache.o)
                0x9d0032c0                CheKseg0CacheOff
 .text.CheKseg0CacheOn
                0x9d0032d8       0x18 D:/Microchip Starter Kits/PIC32 Starter Kits/MPLAB C32 Suite/bin/../lib/gcc/pic32mx/3.4.4/../../../../pic32mx/lib\libmchp_peripheral_32MX795F512L.a(pcache.o)
                0x9d0032d8                CheKseg0CacheOn
 .text.INTConfigureSystem
                0x9d0032f0       0x34 D:/Microchip Starter Kits/PIC32 Starter Kits/MPLAB C32 Suite/bin/../lib/gcc/pic32mx/3.4.4/../../../../pic32mx/lib\libmchp_peripheral_32MX795F512L.a(int_configure_system_lib.o)
                0x9d0032f0                INTConfigureSystem
 .text.INTEnableInterrupts
                0x9d003324        0x8 D:/Microchip Starter Kits/PIC32 Starter Kits/MPLAB C32 Suite/bin/../lib/gcc/pic32mx/3.4.4/../../../../pic32mx/lib\libmchp_peripheral_32MX795F512L.a(int_enable_interrupts_lib.o)
                0x9d003324                INTEnableInterrupts
 .text.INTDisableInterrupts
                0x9d00332c        0x8 D:/Microchip Starter Kits/PIC32 Starter Kits/MPLAB C32 Suite/bin/../lib/gcc/pic32mx/3.4.4/../../../../pic32mx/lib\libmchp_peripheral_32MX795F512L.a(int_disable_interrupts_lib.o)
                0x9d00332c                INTDisableInterrupts
 .text.INTRestoreInterrupts
                0x9d003334       0x1c D:/Microchip Starter Kits/PIC32 Starter Kits/MPLAB C32 Suite/bin/../lib/gcc/pic32mx/3.4.4/../../../../pic32mx/lib\libmchp_peripheral_32MX795F512L.a(int_restore_interrupts_lib.o)
                0x9d003334                INTRestoreInterrupts
 *(.text.*personality*)
 *(.gnu.warning)
 *(.mips16.fn.*)
 *(.mips16.call.*)
                0x9d003350                _text_end = .

.rodata         0x9d003350       0x54
 *(.rodata .rodata.* .gnu.linkonce.r.*)
 .rodata        0x9d003350       0x40 joystick.o
 .rodata        0x9d003390       0x14 D:/Microchip Starter Kits/PIC32 Starter Kits/MPLAB C32 Suite/bin/../lib/gcc/pic32mx/3.4.4/../../../../pic32mx/lib\libc.a(_iobdata.o)
                0x9d003390                _io_funcs
 *(.rodata1)
                0x9d0033a4                . = ALIGN (0x4)

.sdata2         0x9d0033a4        0x0
 *(.sdata2 .sdata2.* .gnu.linkonce.s2.*)
                0x9d0033a4                . = ALIGN (0x4)

.sbss2          0x9d0033a4        0x0
 *(.sbss2 .sbss2.* .gnu.linkonce.sb2.*)
                0x9d0033a4                . = ALIGN (0x4)

.eh_frame_hdr
 *(.eh_frame_hdr)

.eh_frame
 *(.eh_frame)

.dbg_data       0xa0000000        0x0
                0xa0000000                . = (. + DEFINED (_DEBUGGER)?0x200:0x0)

.data           0xa0000000       0xf4 load address 0x9d0033a4
                0xa0000000                _data_begin = .
 *(.data .data.* .gnu.linkonce.d.*)
 .data          0xa0000000       0x20 D:/Microchip Starter Kits/PIC32 Starter Kits/MPLAB C32 Suite/bin/../lib/gcc/pic32mx/3.4.4/../../../../pic32mx/lib\libc.a(exit.o)
                0xa0000000                __exfun_mx
 .data          0xa0000020       0xd4 D:/Microchip Starter Kits/PIC32 Starter Kits/MPLAB C32 Suite/bin/../lib/gcc/pic32mx/3.4.4/../../../../pic32mx/lib\libc.a(_iobdata.o)
 *(.gnu.linkonce.d.*personality*)
 *(.data1)
                0x9d0033a4                _data_image_begin = LOADADDR (.data)

.eh_frame
 *(.eh_frame)
                0xa00080f0                _gp = (ALIGN (0x10) + 0x7ff0)

.got
 *(.got.plt)
 *(.got)

.sdata          0xa00000f4        0x4 load address 0x9d003498
                0xa00000f4                _sdata_begin = .
 *(.sdata .sdata.* .gnu.linkonce.s.*)
 .sdata         0xa00000f4        0x4 D:/Microchip Starter Kits/PIC32 Starter Kits/MPLAB C32 Suite/bin/../lib/gcc/pic32mx/3.4.4/../../../../pic32mx/lib\libc.a(_iobdata.o)
                0xa00000f4                _libc_data
                0xa00000f8                _sdata_end = .

.lit8
 *(.lit8)

.lit4
 *(.lit4)
                0xa00000f8                . = ALIGN (0x4)
                0xa00000f8                _data_end = .
                0xa00000f8                _bss_begin = .

.sbss           0xa00000f8       0x34
                0xa00000f8                _sbss_begin = .
 *(.dynsbss)
 *(.sbss .sbss.* .gnu.linkonce.sb.*)
 .sbss          0xa00000f8       0x20 joystick.o
 .sbss          0xa0000118        0x4 D:/Microchip Starter Kits/PIC32 Starter Kits/MPLAB C32 Suite/bin/../lib/gcc/pic32mx/3.4.4/../../../../pic32mx/lib\libc.a(errno.o)
                0xa0000118                errno
 *(.scommon)
 .scommon       0xa000011c       0x10 joystick.o
                0xa000011c                tank1_shoot_dir
                0xa0000120                tank2_shoot_dir
                0xa0000124                tank1_move_dir
                0xa0000128                tank2_move_dir
                0xa000012c                _sbss_end = .

.bss            0xa000012c      0x55c
 *(.dynbss)
 *(.bss .bss.* .gnu.linkonce.b.*)
 .bss           0xa000012c      0x4b0 joystick.o
 .bss           0xa00005dc       0x88 D:/Microchip Starter Kits/PIC32 Starter Kits/MPLAB C32 Suite/bin/../lib/gcc/pic32mx/3.4.4/../../../../pic32mx/lib\libc.a(_iobdata.o)
 .bss           0xa0000664       0x20 D:/Microchip Starter Kits/PIC32 Starter Kits/MPLAB C32 Suite/bin/../lib/gcc/pic32mx/3.4.4/../../../../pic32mx/lib\libc.a(_iobfuncs.o)
 .bss           0xa0000684        0x4 D:/Microchip Starter Kits/PIC32 Starter Kits/MPLAB C32 Suite/bin/../lib/gcc/pic32mx/3.4.4/../../../../pic32mx/lib\libc.a(stubs.o)
                0xa0000684                __isthreaded
 *(COMMON)
                0xa0000688                . = ALIGN (0x4)
                0xa0000688                . = ALIGN (0x4)
                0xa0000688                _end = .
                0xa0000688                _bss_end = .

.heap           0xa0000688        0x0
                0xa0000688                _heap = .
                0xa0000688                . = (. + _min_heap_size)

.stack          0xa0000688      0x400
                0xa0000688                _splim = .
                0xa0000688                _SPLIM = .
                0xa0000a88                . = (. + _min_stack_size)
 *fill*         0xa0000688      0x400 00

.ramfunc        0xa0001000        0x0 load address 0x9d00349c
                0xa0001000                _ramfunc_begin = .
 *(.ramfunc .ramfunc.*)
                0xa0001000                . = ALIGN (0x4)
                0xa0001000                _ramfunc_end = .
                0x9d00349c                _ramfunc_image_begin = LOADADDR (.ramfunc)
                0x00000000                _ramfunc_length = SIZEOF (.ramfunc)
                0x00001000                _bmxdkpba_address = (_ramfunc_begin - 0xa0000000)
                0x00020000                _bmxdudba_address = 0x20000
                0x00020000                _bmxdupba_address = 0x20000
                0xa0020000                _stack = (_ramfunc_length > 0x0)?(_ramfunc_begin - 0x4):0xa0020000
                0x00000001                ASSERT (((_min_stack_size + _min_heap_size) <= (_stack - _heap)), Not enough space to allocate both stack and heap.  Reduce heap and/or stack size.)

.pdr            0x00000000      0x6a0
 *(.pdr)
 .pdr           0x00000000       0xa0 D:/Microchip Starter Kits/PIC32 Starter Kits/MPLAB C32 Suite/bin/../lib/gcc/pic32mx/3.4.4/../../../../pic32mx/lib/crt0.o
 .pdr           0x000000a0       0x80 joystick.o
 .pdr           0x00000120       0x20 D:/Microchip Starter Kits/PIC32 Starter Kits/MPLAB C32 Suite/bin/../lib/gcc/pic32mx/3.4.4/../../../../pic32mx/lib\libc.a(general-exception.o)
 .pdr           0x00000140       0x20 D:/Microchip Starter Kits/PIC32 Starter Kits/MPLAB C32 Suite/bin/../lib/gcc/pic32mx/3.4.4/../../../../pic32mx/lib\libc.a(exit.o)
 .pdr           0x00000160       0xa0 D:/Microchip Starter Kits/PIC32 Starter Kits/MPLAB C32 Suite/bin/../lib/gcc/pic32mx/3.4.4/../../../../pic32mx/lib\libc.a(_iobfuncs.o)
 .pdr           0x00000200      0x2c0 D:/Microchip Starter Kits/PIC32 Starter Kits/MPLAB C32 Suite/bin/../lib/gcc/pic32mx/3.4.4/../../../../pic32mx/lib\libc.a(stubs.o)
 .pdr           0x000004c0       0x20 D:/Microchip Starter Kits/PIC32 Starter Kits/MPLAB C32 Suite/bin/../lib/gcc/pic32mx/3.4.4/../../../../pic32mx/lib\libc.a(default-general-exception-handler.o)
 .pdr           0x000004e0       0x20 D:/Microchip Starter Kits/PIC32 Starter Kits/MPLAB C32 Suite/bin/../lib/gcc/pic32mx/3.4.4/../../../../pic32mx/lib\libc.a(default-bootstrap-exception-handler.o)
 .pdr           0x00000500       0x20 D:/Microchip Starter Kits/PIC32 Starter Kits/MPLAB C32 Suite/bin/../lib/gcc/pic32mx/3.4.4/../../../../pic32mx/lib\libc.a(default-on-reset.o)
 .pdr           0x00000520       0x20 D:/Microchip Starter Kits/PIC32 Starter Kits/MPLAB C32 Suite/bin/../lib/gcc/pic32mx/3.4.4/../../../../pic32mx/lib\libc.a(default-on-bootstrap.o)
 .pdr           0x00000540       0x20 D:/Microchip Starter Kits/PIC32 Starter Kits/MPLAB C32 Suite/bin/../lib/gcc/pic32mx/3.4.4/../../../../pic32mx/lib\libc.a(default-nmi-handler.o)
 .pdr           0x00000560       0x20 D:/Microchip Starter Kits/PIC32 Starter Kits/MPLAB C32 Suite/bin/../lib/gcc/pic32mx/3.4.4/../../../../pic32mx/lib\libc.a(_mon_getc.o)
 .pdr           0x00000580       0x20 D:/Microchip Starter Kits/PIC32 Starter Kits/MPLAB C32 Suite/bin/../lib/gcc/pic32mx/3.4.4/../../../../pic32mx/lib\libc.a(_mon_write.o)
 .pdr           0x000005a0       0x20 D:/Microchip Starter Kits/PIC32 Starter Kits/MPLAB C32 Suite/bin/../lib/gcc/pic32mx/3.4.4/../../../../pic32mx/lib\libc.a(_exit.o)
 .pdr           0x000005c0       0x20 D:/Microchip Starter Kits/PIC32 Starter Kits/MPLAB C32 Suite/bin/../lib/gcc/pic32mx/3.4.4/../../../../pic32mx/lib\libc.a(_mon_putc.o)
 .pdr           0x000005e0       0x40 D:/Microchip Starter Kits/PIC32 Starter Kits/MPLAB C32 Suite/bin/../lib/gcc/pic32mx/3.4.4/../../../../pic32mx/lib\libmchp_peripheral_32MX795F512L.a(pcache.o)
 .pdr           0x00000620       0x20 D:/Microchip Starter Kits/PIC32 Starter Kits/MPLAB C32 Suite/bin/../lib/gcc/pic32mx/3.4.4/../../../../pic32mx/lib\libmchp_peripheral_32MX795F512L.a(int_configure_system_lib.o)
 .pdr           0x00000640       0x20 D:/Microchip Starter Kits/PIC32 Starter Kits/MPLAB C32 Suite/bin/../lib/gcc/pic32mx/3.4.4/../../../../pic32mx/lib\libmchp_peripheral_32MX795F512L.a(int_enable_interrupts_lib.o)
 .pdr           0x00000660       0x20 D:/Microchip Starter Kits/PIC32 Starter Kits/MPLAB C32 Suite/bin/../lib/gcc/pic32mx/3.4.4/../../../../pic32mx/lib\libmchp_peripheral_32MX795F512L.a(int_disable_interrupts_lib.o)
 .pdr           0x00000680       0x20 D:/Microchip Starter Kits/PIC32 Starter Kits/MPLAB C32 Suite/bin/../lib/gcc/pic32mx/3.4.4/../../../../pic32mx/lib\libmchp_peripheral_32MX795F512L.a(int_restore_interrupts_lib.o)

.reginfo        0x00000000       0x18
 *(.reginfo)
 .reginfo       0x00000000       0x18 D:/Microchip Starter Kits/PIC32 Starter Kits/MPLAB C32 Suite/bin/../lib/gcc/pic32mx/3.4.4/../../../../pic32mx/lib/crt0.o

.stab
 *(.stab)

.stabstr
 *(.stabstr)

.stab.excl
 *(.stab.excl)

.stab.exclstr
 *(.stab.exclstr)

.stab.index
 *(.stab.index)

.stab.indexstr
 *(.stab.indexstr)

.comment        0x00000000      0x780
 *(.comment)
 .comment       0x00000000       0x50 joystick.o
 .comment       0x00000050       0x9d D:/Microchip Starter Kits/PIC32 Starter Kits/MPLAB C32 Suite/bin/../lib/gcc/pic32mx/3.4.4/../../../../pic32mx/lib\libc.a(exit.o)
 .comment       0x000000ed       0xa3 D:/Microchip Starter Kits/PIC32 Starter Kits/MPLAB C32 Suite/bin/../lib/gcc/pic32mx/3.4.4/../../../../pic32mx/lib\libc.a(_iobdata.o)
 .comment       0x00000190       0xa4 D:/Microchip Starter Kits/PIC32 Starter Kits/MPLAB C32 Suite/bin/../lib/gcc/pic32mx/3.4.4/../../../../pic32mx/lib\libc.a(_iobfuncs.o)
 .comment       0x00000234       0x9e D:/Microchip Starter Kits/PIC32 Starter Kits/MPLAB C32 Suite/bin/../lib/gcc/pic32mx/3.4.4/../../../../pic32mx/lib\libc.a(stubs.o)
 .comment       0x000002d2       0x50 D:/Microchip Starter Kits/PIC32 Starter Kits/MPLAB C32 Suite/bin/../lib/gcc/pic32mx/3.4.4/../../../../pic32mx/lib\libc.a(default-general-exception-handler.o)
 .comment       0x00000322       0x50 D:/Microchip Starter Kits/PIC32 Starter Kits/MPLAB C32 Suite/bin/../lib/gcc/pic32mx/3.4.4/../../../../pic32mx/lib\libc.a(default-bootstrap-exception-handler.o)
 .comment       0x00000372       0x50 D:/Microchip Starter Kits/PIC32 Starter Kits/MPLAB C32 Suite/bin/../lib/gcc/pic32mx/3.4.4/../../../../pic32mx/lib\libc.a(default-on-reset.o)
 .comment       0x000003c2       0x50 D:/Microchip Starter Kits/PIC32 Starter Kits/MPLAB C32 Suite/bin/../lib/gcc/pic32mx/3.4.4/../../../../pic32mx/lib\libc.a(default-on-bootstrap.o)
 .comment       0x00000412       0x50 D:/Microchip Starter Kits/PIC32 Starter Kits/MPLAB C32 Suite/bin/../lib/gcc/pic32mx/3.4.4/../../../../pic32mx/lib\libc.a(_mon_getc.o)
 .comment       0x00000462       0x50 D:/Microchip Starter Kits/PIC32 Starter Kits/MPLAB C32 Suite/bin/../lib/gcc/pic32mx/3.4.4/../../../../pic32mx/lib\libc.a(_mon_write.o)
 .comment       0x000004b2       0x50 D:/Microchip Starter Kits/PIC32 Starter Kits/MPLAB C32 Suite/bin/../lib/gcc/pic32mx/3.4.4/../../../../pic32mx/lib\libc.a(_exit.o)
 .comment       0x00000502       0x9e D:/Microchip Starter Kits/PIC32 Starter Kits/MPLAB C32 Suite/bin/../lib/gcc/pic32mx/3.4.4/../../../../pic32mx/lib\libc.a(errno.o)
 .comment       0x000005a0       0x50 D:/Microchip Starter Kits/PIC32 Starter Kits/MPLAB C32 Suite/bin/../lib/gcc/pic32mx/3.4.4/../../../../pic32mx/lib\libc.a(_mon_putc.o)
 .comment       0x000005f0       0x50 D:/Microchip Starter Kits/PIC32 Starter Kits/MPLAB C32 Suite/bin/../lib/gcc/pic32mx/3.4.4/../../../../pic32mx/lib\libmchp_peripheral_32MX795F512L.a(pcache.o)
 .comment       0x00000640       0x50 D:/Microchip Starter Kits/PIC32 Starter Kits/MPLAB C32 Suite/bin/../lib/gcc/pic32mx/3.4.4/../../../../pic32mx/lib\libmchp_peripheral_32MX795F512L.a(int_configure_system_lib.o)
 .comment       0x00000690       0x50 D:/Microchip Starter Kits/PIC32 Starter Kits/MPLAB C32 Suite/bin/../lib/gcc/pic32mx/3.4.4/../../../../pic32mx/lib\libmchp_peripheral_32MX795F512L.a(int_enable_interrupts_lib.o)
 .comment       0x000006e0       0x50 D:/Microchip Starter Kits/PIC32 Starter Kits/MPLAB C32 Suite/bin/../lib/gcc/pic32mx/3.4.4/../../../../pic32mx/lib\libmchp_peripheral_32MX795F512L.a(int_disable_interrupts_lib.o)
 .comment       0x00000730       0x50 D:/Microchip Starter Kits/PIC32 Starter Kits/MPLAB C32 Suite/bin/../lib/gcc/pic32mx/3.4.4/../../../../pic32mx/lib\libmchp_peripheral_32MX795F512L.a(int_restore_interrupts_lib.o)

.debug
 *(.debug)

.line
 *(.line)

.debug_srcinfo
 *(.debug_srcinfo)

.debug_sfnames
 *(.debug_sfnames)

.debug_aranges  0x00000000      0x370
 *(.debug_aranges)
 .debug_aranges
                0x00000000       0x20 joystick.o
 .debug_aranges
                0x00000020       0x28 D:/Microchip Starter Kits/PIC32 Starter Kits/MPLAB C32 Suite/bin/../lib/gcc/pic32mx/3.4.4/../../../../pic32mx/lib\libc.a(exit.o)
 .debug_aranges
                0x00000048       0x48 D:/Microchip Starter Kits/PIC32 Starter Kits/MPLAB C32 Suite/bin/../lib/gcc/pic32mx/3.4.4/../../../../pic32mx/lib\libc.a(_iobfuncs.o)
 .debug_aranges
                0x00000090       0xd0 D:/Microchip Starter Kits/PIC32 Starter Kits/MPLAB C32 Suite/bin/../lib/gcc/pic32mx/3.4.4/../../../../pic32mx/lib\libc.a(stubs.o)
 .debug_aranges
                0x00000160       0x28 D:/Microchip Starter Kits/PIC32 Starter Kits/MPLAB C32 Suite/bin/../lib/gcc/pic32mx/3.4.4/../../../../pic32mx/lib\libc.a(default-general-exception-handler.o)
 .debug_aranges
                0x00000188       0x28 D:/Microchip Starter Kits/PIC32 Starter Kits/MPLAB C32 Suite/bin/../lib/gcc/pic32mx/3.4.4/../../../../pic32mx/lib\libc.a(default-bootstrap-exception-handler.o)
 .debug_aranges
                0x000001b0       0x28 D:/Microchip Starter Kits/PIC32 Starter Kits/MPLAB C32 Suite/bin/../lib/gcc/pic32mx/3.4.4/../../../../pic32mx/lib\libc.a(default-on-reset.o)
 .debug_aranges
                0x000001d8       0x28 D:/Microchip Starter Kits/PIC32 Starter Kits/MPLAB C32 Suite/bin/../lib/gcc/pic32mx/3.4.4/../../../../pic32mx/lib\libc.a(default-on-bootstrap.o)
 .debug_aranges
                0x00000200       0x28 D:/Microchip Starter Kits/PIC32 Starter Kits/MPLAB C32 Suite/bin/../lib/gcc/pic32mx/3.4.4/../../../../pic32mx/lib\libc.a(_mon_getc.o)
 .debug_aranges
                0x00000228       0x28 D:/Microchip Starter Kits/PIC32 Starter Kits/MPLAB C32 Suite/bin/../lib/gcc/pic32mx/3.4.4/../../../../pic32mx/lib\libc.a(_mon_write.o)
 .debug_aranges
                0x00000250       0x28 D:/Microchip Starter Kits/PIC32 Starter Kits/MPLAB C32 Suite/bin/../lib/gcc/pic32mx/3.4.4/../../../../pic32mx/lib\libc.a(_exit.o)
 .debug_aranges
                0x00000278       0x28 D:/Microchip Starter Kits/PIC32 Starter Kits/MPLAB C32 Suite/bin/../lib/gcc/pic32mx/3.4.4/../../../../pic32mx/lib\libc.a(_mon_putc.o)
 .debug_aranges
                0x000002a0       0x30 D:/Microchip Starter Kits/PIC32 Starter Kits/MPLAB C32 Suite/bin/../lib/gcc/pic32mx/3.4.4/../../../../pic32mx/lib\libmchp_peripheral_32MX795F512L.a(pcache.o)
 .debug_aranges
                0x000002d0       0x28 D:/Microchip Starter Kits/PIC32 Starter Kits/MPLAB C32 Suite/bin/../lib/gcc/pic32mx/3.4.4/../../../../pic32mx/lib\libmchp_peripheral_32MX795F512L.a(int_configure_system_lib.o)
 .debug_aranges
                0x000002f8       0x28 D:/Microchip Starter Kits/PIC32 Starter Kits/MPLAB C32 Suite/bin/../lib/gcc/pic32mx/3.4.4/../../../../pic32mx/lib\libmchp_peripheral_32MX795F512L.a(int_enable_interrupts_lib.o)
 .debug_aranges
                0x00000320       0x28 D:/Microchip Starter Kits/PIC32 Starter Kits/MPLAB C32 Suite/bin/../lib/gcc/pic32mx/3.4.4/../../../../pic32mx/lib\libmchp_peripheral_32MX795F512L.a(int_disable_interrupts_lib.o)
 .debug_aranges
                0x00000348       0x28 D:/Microchip Starter Kits/PIC32 Starter Kits/MPLAB C32 Suite/bin/../lib/gcc/pic32mx/3.4.4/../../../../pic32mx/lib\libmchp_peripheral_32MX795F512L.a(int_restore_interrupts_lib.o)

.debug_pubnames
                0x00000000      0x5f1
 *(.debug_pubnames)
 .debug_pubnames
                0x00000000       0x83 joystick.o
 .debug_pubnames
                0x00000083       0x1b D:/Microchip Starter Kits/PIC32 Starter Kits/MPLAB C32 Suite/bin/../lib/gcc/pic32mx/3.4.4/../../../../pic32mx/lib\libc.a(exit.o)
 .debug_pubnames
                0x0000009e       0x70 D:/Microchip Starter Kits/PIC32 Starter Kits/MPLAB C32 Suite/bin/../lib/gcc/pic32mx/3.4.4/../../../../pic32mx/lib\libc.a(_iobfuncs.o)
 .debug_pubnames
                0x0000010e      0x2da D:/Microchip Starter Kits/PIC32 Starter Kits/MPLAB C32 Suite/bin/../lib/gcc/pic32mx/3.4.4/../../../../pic32mx/lib\libc.a(stubs.o)
 .debug_pubnames
                0x000003e8       0x31 D:/Microchip Starter Kits/PIC32 Starter Kits/MPLAB C32 Suite/bin/../lib/gcc/pic32mx/3.4.4/../../../../pic32mx/lib\libc.a(default-general-exception-handler.o)
 .debug_pubnames
                0x00000419       0x33 D:/Microchip Starter Kits/PIC32 Starter Kits/MPLAB C32 Suite/bin/../lib/gcc/pic32mx/3.4.4/../../../../pic32mx/lib\libc.a(default-bootstrap-exception-handler.o)
 .debug_pubnames
                0x0000044c       0x20 D:/Microchip Starter Kits/PIC32 Starter Kits/MPLAB C32 Suite/bin/../lib/gcc/pic32mx/3.4.4/../../../../pic32mx/lib\libc.a(default-on-reset.o)
 .debug_pubnames
                0x0000046c       0x24 D:/Microchip Starter Kits/PIC32 Starter Kits/MPLAB C32 Suite/bin/../lib/gcc/pic32mx/3.4.4/../../../../pic32mx/lib\libc.a(default-on-bootstrap.o)
 .debug_pubnames
                0x00000490       0x20 D:/Microchip Starter Kits/PIC32 Starter Kits/MPLAB C32 Suite/bin/../lib/gcc/pic32mx/3.4.4/../../../../pic32mx/lib\libc.a(_mon_getc.o)
 .debug_pubnames
                0x000004b0       0x21 D:/Microchip Starter Kits/PIC32 Starter Kits/MPLAB C32 Suite/bin/../lib/gcc/pic32mx/3.4.4/../../../../pic32mx/lib\libc.a(_mon_write.o)
 .debug_pubnames
                0x000004d1       0x1c D:/Microchip Starter Kits/PIC32 Starter Kits/MPLAB C32 Suite/bin/../lib/gcc/pic32mx/3.4.4/../../../../pic32mx/lib\libc.a(_exit.o)
 .debug_pubnames
                0x000004ed       0x20 D:/Microchip Starter Kits/PIC32 Starter Kits/MPLAB C32 Suite/bin/../lib/gcc/pic32mx/3.4.4/../../../../pic32mx/lib\libc.a(_mon_putc.o)
 .debug_pubnames
                0x0000050d       0x3b D:/Microchip Starter Kits/PIC32 Starter Kits/MPLAB C32 Suite/bin/../lib/gcc/pic32mx/3.4.4/../../../../pic32mx/lib\libmchp_peripheral_32MX795F512L.a(pcache.o)
 .debug_pubnames
                0x00000548       0x29 D:/Microchip Starter Kits/PIC32 Starter Kits/MPLAB C32 Suite/bin/../lib/gcc/pic32mx/3.4.4/../../../../pic32mx/lib\libmchp_peripheral_32MX795F512L.a(int_configure_system_lib.o)
 .debug_pubnames
                0x00000571       0x2a D:/Microchip Starter Kits/PIC32 Starter Kits/MPLAB C32 Suite/bin/../lib/gcc/pic32mx/3.4.4/../../../../pic32mx/lib\libmchp_peripheral_32MX795F512L.a(int_enable_interrupts_lib.o)
 .debug_pubnames
                0x0000059b       0x2b D:/Microchip Starter Kits/PIC32 Starter Kits/MPLAB C32 Suite/bin/../lib/gcc/pic32mx/3.4.4/../../../../pic32mx/lib\libmchp_peripheral_32MX795F512L.a(int_disable_interrupts_lib.o)
 .debug_pubnames
                0x000005c6       0x2b D:/Microchip Starter Kits/PIC32 Starter Kits/MPLAB C32 Suite/bin/../lib/gcc/pic32mx/3.4.4/../../../../pic32mx/lib\libmchp_peripheral_32MX795F512L.a(int_restore_interrupts_lib.o)

.debug_info     0x00000000     0x13cc
 *(.debug_info .gnu.linkonce.wi.*)
 .debug_info    0x00000000      0xef8 joystick.o
 .debug_info    0x00000ef8       0x30 D:/Microchip Starter Kits/PIC32 Starter Kits/MPLAB C32 Suite/bin/../lib/gcc/pic32mx/3.4.4/../../../../pic32mx/lib\libc.a(exit.o)
 .debug_info    0x00000f28       0x78 D:/Microchip Starter Kits/PIC32 Starter Kits/MPLAB C32 Suite/bin/../lib/gcc/pic32mx/3.4.4/../../../../pic32mx/lib\libc.a(_iobfuncs.o)
 .debug_info    0x00000fa0      0x1aa D:/Microchip Starter Kits/PIC32 Starter Kits/MPLAB C32 Suite/bin/../lib/gcc/pic32mx/3.4.4/../../../../pic32mx/lib\libc.a(stubs.o)
 .debug_info    0x0000114a       0x30 D:/Microchip Starter Kits/PIC32 Starter Kits/MPLAB C32 Suite/bin/../lib/gcc/pic32mx/3.4.4/../../../../pic32mx/lib\libc.a(default-general-exception-handler.o)
 .debug_info    0x0000117a       0x30 D:/Microchip Starter Kits/PIC32 Starter Kits/MPLAB C32 Suite/bin/../lib/gcc/pic32mx/3.4.4/../../../../pic32mx/lib\libc.a(default-bootstrap-exception-handler.o)
 .debug_info    0x000011aa       0x30 D:/Microchip Starter Kits/PIC32 Starter Kits/MPLAB C32 Suite/bin/../lib/gcc/pic32mx/3.4.4/../../../../pic32mx/lib\libc.a(default-on-reset.o)
 .debug_info    0x000011da       0x30 D:/Microchip Starter Kits/PIC32 Starter Kits/MPLAB C32 Suite/bin/../lib/gcc/pic32mx/3.4.4/../../../../pic32mx/lib\libc.a(default-on-bootstrap.o)
 .debug_info    0x0000120a       0x30 D:/Microchip Starter Kits/PIC32 Starter Kits/MPLAB C32 Suite/bin/../lib/gcc/pic32mx/3.4.4/../../../../pic32mx/lib\libc.a(_mon_getc.o)
 .debug_info    0x0000123a       0x30 D:/Microchip Starter Kits/PIC32 Starter Kits/MPLAB C32 Suite/bin/../lib/gcc/pic32mx/3.4.4/../../../../pic32mx/lib\libc.a(_mon_write.o)
 .debug_info    0x0000126a       0x30 D:/Microchip Starter Kits/PIC32 Starter Kits/MPLAB C32 Suite/bin/../lib/gcc/pic32mx/3.4.4/../../../../pic32mx/lib\libc.a(_exit.o)
 .debug_info    0x0000129a       0x30 D:/Microchip Starter Kits/PIC32 Starter Kits/MPLAB C32 Suite/bin/../lib/gcc/pic32mx/3.4.4/../../../../pic32mx/lib\libc.a(_mon_putc.o)
 .debug_info    0x000012ca       0x42 D:/Microchip Starter Kits/PIC32 Starter Kits/MPLAB C32 Suite/bin/../lib/gcc/pic32mx/3.4.4/../../../../pic32mx/lib\libmchp_peripheral_32MX795F512L.a(pcache.o)
 .debug_info    0x0000130c       0x30 D:/Microchip Starter Kits/PIC32 Starter Kits/MPLAB C32 Suite/bin/../lib/gcc/pic32mx/3.4.4/../../../../pic32mx/lib\libmchp_peripheral_32MX795F512L.a(int_configure_system_lib.o)
 .debug_info    0x0000133c       0x30 D:/Microchip Starter Kits/PIC32 Starter Kits/MPLAB C32 Suite/bin/../lib/gcc/pic32mx/3.4.4/../../../../pic32mx/lib\libmchp_peripheral_32MX795F512L.a(int_enable_interrupts_lib.o)
 .debug_info    0x0000136c       0x30 D:/Microchip Starter Kits/PIC32 Starter Kits/MPLAB C32 Suite/bin/../lib/gcc/pic32mx/3.4.4/../../../../pic32mx/lib\libmchp_peripheral_32MX795F512L.a(int_disable_interrupts_lib.o)
 .debug_info    0x0000139c       0x30 D:/Microchip Starter Kits/PIC32 Starter Kits/MPLAB C32 Suite/bin/../lib/gcc/pic32mx/3.4.4/../../../../pic32mx/lib\libmchp_peripheral_32MX795F512L.a(int_restore_interrupts_lib.o)

.debug_abbrev   0x00000000      0x4a8
 *(.debug_abbrev)
 .debug_abbrev  0x00000000      0x276 joystick.o
 .debug_abbrev  0x00000276       0x23 D:/Microchip Starter Kits/PIC32 Starter Kits/MPLAB C32 Suite/bin/../lib/gcc/pic32mx/3.4.4/../../../../pic32mx/lib\libc.a(exit.o)
 .debug_abbrev  0x00000299        0x1 D:/Microchip Starter Kits/PIC32 Starter Kits/MPLAB C32 Suite/bin/../lib/gcc/pic32mx/3.4.4/../../../../pic32mx/lib\libc.a(_iobdata.o)
 .debug_abbrev  0x0000029a       0x23 D:/Microchip Starter Kits/PIC32 Starter Kits/MPLAB C32 Suite/bin/../lib/gcc/pic32mx/3.4.4/../../../../pic32mx/lib\libc.a(_iobfuncs.o)
 .debug_abbrev  0x000002bd       0x23 D:/Microchip Starter Kits/PIC32 Starter Kits/MPLAB C32 Suite/bin/../lib/gcc/pic32mx/3.4.4/../../../../pic32mx/lib\libc.a(stubs.o)
 .debug_abbrev  0x000002e0       0x23 D:/Microchip Starter Kits/PIC32 Starter Kits/MPLAB C32 Suite/bin/../lib/gcc/pic32mx/3.4.4/../../../../pic32mx/lib\libc.a(default-general-exception-handler.o)
 .debug_abbrev  0x00000303       0x23 D:/Microchip Starter Kits/PIC32 Starter Kits/MPLAB C32 Suite/bin/../lib/gcc/pic32mx/3.4.4/../../../../pic32mx/lib\libc.a(default-bootstrap-exception-handler.o)
 .debug_abbrev  0x00000326       0x23 D:/Microchip Starter Kits/PIC32 Starter Kits/MPLAB C32 Suite/bin/../lib/gcc/pic32mx/3.4.4/../../../../pic32mx/lib\libc.a(default-on-reset.o)
 .debug_abbrev  0x00000349       0x23 D:/Microchip Starter Kits/PIC32 Starter Kits/MPLAB C32 Suite/bin/../lib/gcc/pic32mx/3.4.4/../../../../pic32mx/lib\libc.a(default-on-bootstrap.o)
 .debug_abbrev  0x0000036c       0x23 D:/Microchip Starter Kits/PIC32 Starter Kits/MPLAB C32 Suite/bin/../lib/gcc/pic32mx/3.4.4/../../../../pic32mx/lib\libc.a(_mon_getc.o)
 .debug_abbrev  0x0000038f       0x23 D:/Microchip Starter Kits/PIC32 Starter Kits/MPLAB C32 Suite/bin/../lib/gcc/pic32mx/3.4.4/../../../../pic32mx/lib\libc.a(_mon_write.o)
 .debug_abbrev  0x000003b2       0x23 D:/Microchip Starter Kits/PIC32 Starter Kits/MPLAB C32 Suite/bin/../lib/gcc/pic32mx/3.4.4/../../../../pic32mx/lib\libc.a(_exit.o)
 .debug_abbrev  0x000003d5        0x1 D:/Microchip Starter Kits/PIC32 Starter Kits/MPLAB C32 Suite/bin/../lib/gcc/pic32mx/3.4.4/../../../../pic32mx/lib\libc.a(errno.o)
 .debug_abbrev  0x000003d6       0x23 D:/Microchip Starter Kits/PIC32 Starter Kits/MPLAB C32 Suite/bin/../lib/gcc/pic32mx/3.4.4/../../../../pic32mx/lib\libc.a(_mon_putc.o)
 .debug_abbrev  0x000003f9       0x23 D:/Microchip Starter Kits/PIC32 Starter Kits/MPLAB C32 Suite/bin/../lib/gcc/pic32mx/3.4.4/../../../../pic32mx/lib\libmchp_peripheral_32MX795F512L.a(pcache.o)
 .debug_abbrev  0x0000041c       0x23 D:/Microchip Starter Kits/PIC32 Starter Kits/MPLAB C32 Suite/bin/../lib/gcc/pic32mx/3.4.4/../../../../pic32mx/lib\libmchp_peripheral_32MX795F512L.a(int_configure_system_lib.o)
 .debug_abbrev  0x0000043f       0x23 D:/Microchip Starter Kits/PIC32 Starter Kits/MPLAB C32 Suite/bin/../lib/gcc/pic32mx/3.4.4/../../../../pic32mx/lib\libmchp_peripheral_32MX795F512L.a(int_enable_interrupts_lib.o)
 .debug_abbrev  0x00000462       0x23 D:/Microchip Starter Kits/PIC32 Starter Kits/MPLAB C32 Suite/bin/../lib/gcc/pic32mx/3.4.4/../../../../pic32mx/lib\libmchp_peripheral_32MX795F512L.a(int_disable_interrupts_lib.o)
 .debug_abbrev  0x00000485       0x23 D:/Microchip Starter Kits/PIC32 Starter Kits/MPLAB C32 Suite/bin/../lib/gcc/pic32mx/3.4.4/../../../../pic32mx/lib\libmchp_peripheral_32MX795F512L.a(int_restore_interrupts_lib.o)

.debug_line     0x00000000      0xcbb
 *(.debug_line)
 .debug_line    0x00000000      0x3be joystick.o
 .debug_line    0x000003be       0x7d D:/Microchip Starter Kits/PIC32 Starter Kits/MPLAB C32 Suite/bin/../lib/gcc/pic32mx/3.4.4/../../../../pic32mx/lib\libc.a(exit.o)
 .debug_line    0x0000043b       0x84 D:/Microchip Starter Kits/PIC32 Starter Kits/MPLAB C32 Suite/bin/../lib/gcc/pic32mx/3.4.4/../../../../pic32mx/lib\libc.a(_iobfuncs.o)
 .debug_line    0x000004bf       0x80 D:/Microchip Starter Kits/PIC32 Starter Kits/MPLAB C32 Suite/bin/../lib/gcc/pic32mx/3.4.4/../../../../pic32mx/lib\libc.a(stubs.o)
 .debug_line    0x0000053f       0x9c D:/Microchip Starter Kits/PIC32 Starter Kits/MPLAB C32 Suite/bin/../lib/gcc/pic32mx/3.4.4/../../../../pic32mx/lib\libc.a(default-general-exception-handler.o)
 .debug_line    0x000005db       0x9e D:/Microchip Starter Kits/PIC32 Starter Kits/MPLAB C32 Suite/bin/../lib/gcc/pic32mx/3.4.4/../../../../pic32mx/lib\libc.a(default-bootstrap-exception-handler.o)
 .debug_line    0x00000679       0x8b D:/Microchip Starter Kits/PIC32 Starter Kits/MPLAB C32 Suite/bin/../lib/gcc/pic32mx/3.4.4/../../../../pic32mx/lib\libc.a(default-on-reset.o)
 .debug_line    0x00000704       0x8f D:/Microchip Starter Kits/PIC32 Starter Kits/MPLAB C32 Suite/bin/../lib/gcc/pic32mx/3.4.4/../../../../pic32mx/lib\libc.a(default-on-bootstrap.o)
 .debug_line    0x00000793       0x84 D:/Microchip Starter Kits/PIC32 Starter Kits/MPLAB C32 Suite/bin/../lib/gcc/pic32mx/3.4.4/../../../../pic32mx/lib\libc.a(_mon_getc.o)
 .debug_line    0x00000817       0x85 D:/Microchip Starter Kits/PIC32 Starter Kits/MPLAB C32 Suite/bin/../lib/gcc/pic32mx/3.4.4/../../../../pic32mx/lib\libc.a(_mon_write.o)
 .debug_line    0x0000089c       0x80 D:/Microchip Starter Kits/PIC32 Starter Kits/MPLAB C32 Suite/bin/../lib/gcc/pic32mx/3.4.4/../../../../pic32mx/lib\libc.a(_exit.o)
 .debug_line    0x0000091c       0x84 D:/Microchip Starter Kits/PIC32 Starter Kits/MPLAB C32 Suite/bin/../lib/gcc/pic32mx/3.4.4/../../../../pic32mx/lib\libc.a(_mon_putc.o)
 .debug_line    0x000009a0       0x92 D:/Microchip Starter Kits/PIC32 Starter Kits/MPLAB C32 Suite/bin/../lib/gcc/pic32mx/3.4.4/../../../../pic32mx/lib\libmchp_peripheral_32MX795F512L.a(pcache.o)
 .debug_line    0x00000a32       0xa1 D:/Microchip Starter Kits/PIC32 Starter Kits/MPLAB C32 Suite/bin/../lib/gcc/pic32mx/3.4.4/../../../../pic32mx/lib\libmchp_peripheral_32MX795F512L.a(int_configure_system_lib.o)
 .debug_line    0x00000ad3       0xa2 D:/Microchip Starter Kits/PIC32 Starter Kits/MPLAB C32 Suite/bin/../lib/gcc/pic32mx/3.4.4/../../../../pic32mx/lib\libmchp_peripheral_32MX795F512L.a(int_enable_interrupts_lib.o)
 .debug_line    0x00000b75       0xa3 D:/Microchip Starter Kits/PIC32 Starter Kits/MPLAB C32 Suite/bin/../lib/gcc/pic32mx/3.4.4/../../../../pic32mx/lib\libmchp_peripheral_32MX795F512L.a(int_disable_interrupts_lib.o)
 .debug_line    0x00000c18       0xa3 D:/Microchip Starter Kits/PIC32 Starter Kits/MPLAB C32 Suite/bin/../lib/gcc/pic32mx/3.4.4/../../../../pic32mx/lib\libmchp_peripheral_32MX795F512L.a(int_restore_interrupts_lib.o)

.debug_frame    0x00000000      0x484
 *(.debug_frame)
 .debug_frame   0x00000000       0x88 joystick.o
 .debug_frame   0x00000088       0x34 D:/Microchip Starter Kits/PIC32 Starter Kits/MPLAB C32 Suite/bin/../lib/gcc/pic32mx/3.4.4/../../../../pic32mx/lib\libc.a(exit.o)
 .debug_frame   0x000000bc       0x90 D:/Microchip Starter Kits/PIC32 Starter Kits/MPLAB C32 Suite/bin/../lib/gcc/pic32mx/3.4.4/../../../../pic32mx/lib\libc.a(_iobfuncs.o)
 .debug_frame   0x0000014c      0x178 D:/Microchip Starter Kits/PIC32 Starter Kits/MPLAB C32 Suite/bin/../lib/gcc/pic32mx/3.4.4/../../../../pic32mx/lib\libc.a(stubs.o)
 .debug_frame   0x000002c4       0x20 D:/Microchip Starter Kits/PIC32 Starter Kits/MPLAB C32 Suite/bin/../lib/gcc/pic32mx/3.4.4/../../../../pic32mx/lib\libc.a(default-general-exception-handler.o)
 .debug_frame   0x000002e4       0x20 D:/Microchip Starter Kits/PIC32 Starter Kits/MPLAB C32 Suite/bin/../lib/gcc/pic32mx/3.4.4/../../../../pic32mx/lib\libc.a(default-bootstrap-exception-handler.o)
 .debug_frame   0x00000304       0x20 D:/Microchip Starter Kits/PIC32 Starter Kits/MPLAB C32 Suite/bin/../lib/gcc/pic32mx/3.4.4/../../../../pic32mx/lib\libc.a(default-on-reset.o)
 .debug_frame   0x00000324       0x20 D:/Microchip Starter Kits/PIC32 Starter Kits/MPLAB C32 Suite/bin/../lib/gcc/pic32mx/3.4.4/../../../../pic32mx/lib\libc.a(default-on-bootstrap.o)
 .debug_frame   0x00000344       0x20 D:/Microchip Starter Kits/PIC32 Starter Kits/MPLAB C32 Suite/bin/../lib/gcc/pic32mx/3.4.4/../../../../pic32mx/lib\libc.a(_mon_getc.o)
 .debug_frame   0x00000364       0x30 D:/Microchip Starter Kits/PIC32 Starter Kits/MPLAB C32 Suite/bin/../lib/gcc/pic32mx/3.4.4/../../../../pic32mx/lib\libc.a(_mon_write.o)
 .debug_frame   0x00000394       0x20 D:/Microchip Starter Kits/PIC32 Starter Kits/MPLAB C32 Suite/bin/../lib/gcc/pic32mx/3.4.4/../../../../pic32mx/lib\libc.a(_exit.o)
 .debug_frame   0x000003b4       0x20 D:/Microchip Starter Kits/PIC32 Starter Kits/MPLAB C32 Suite/bin/../lib/gcc/pic32mx/3.4.4/../../../../pic32mx/lib\libc.a(_mon_putc.o)
 .debug_frame   0x000003d4       0x30 D:/Microchip Starter Kits/PIC32 Starter Kits/MPLAB C32 Suite/bin/../lib/gcc/pic32mx/3.4.4/../../../../pic32mx/lib\libmchp_peripheral_32MX795F512L.a(pcache.o)
 .debug_frame   0x00000404       0x20 D:/Microchip Starter Kits/PIC32 Starter Kits/MPLAB C32 Suite/bin/../lib/gcc/pic32mx/3.4.4/../../../../pic32mx/lib\libmchp_peripheral_32MX795F512L.a(int_configure_system_lib.o)
 .debug_frame   0x00000424       0x20 D:/Microchip Starter Kits/PIC32 Starter Kits/MPLAB C32 Suite/bin/../lib/gcc/pic32mx/3.4.4/../../../../pic32mx/lib\libmchp_peripheral_32MX795F512L.a(int_enable_interrupts_lib.o)
 .debug_frame   0x00000444       0x20 D:/Microchip Starter Kits/PIC32 Starter Kits/MPLAB C32 Suite/bin/../lib/gcc/pic32mx/3.4.4/../../../../pic32mx/lib\libmchp_peripheral_32MX795F512L.a(int_disable_interrupts_lib.o)
 .debug_frame   0x00000464       0x20 D:/Microchip Starter Kits/PIC32 Starter Kits/MPLAB C32 Suite/bin/../lib/gcc/pic32mx/3.4.4/../../../../pic32mx/lib\libmchp_peripheral_32MX795F512L.a(int_restore_interrupts_lib.o)

.debug_str      0x00000000      0xb3f
 *(.debug_str)
 .debug_str     0x00000000       0x27 joystick.o
 .debug_str     0x00000027       0xaa D:/Microchip Starter Kits/PIC32 Starter Kits/MPLAB C32 Suite/bin/../lib/gcc/pic32mx/3.4.4/../../../../pic32mx/lib\libc.a(exit.o)
                                 0xaf (size before relaxing)
 .debug_str     0x000000d1       0xb1 D:/Microchip Starter Kits/PIC32 Starter Kits/MPLAB C32 Suite/bin/../lib/gcc/pic32mx/3.4.4/../../../../pic32mx/lib\libc.a(_iobfuncs.o)
                                 0xfb (size before relaxing)
 .debug_str     0x00000182      0x2d3 D:/Microchip Starter Kits/PIC32 Starter Kits/MPLAB C32 Suite/bin/../lib/gcc/pic32mx/3.4.4/../../../../pic32mx/lib\libc.a(stubs.o)
                                0x31d (size before relaxing)
 .debug_str     0x00000455       0x9a D:/Microchip Starter Kits/PIC32 Starter Kits/MPLAB C32 Suite/bin/../lib/gcc/pic32mx/3.4.4/../../../../pic32mx/lib\libc.a(default-general-exception-handler.o)
                                 0xe4 (size before relaxing)
 .debug_str     0x000004ef       0x9e D:/Microchip Starter Kits/PIC32 Starter Kits/MPLAB C32 Suite/bin/../lib/gcc/pic32mx/3.4.4/../../../../pic32mx/lib\libc.a(default-bootstrap-exception-handler.o)
                                 0xe8 (size before relaxing)
 .debug_str     0x0000058d       0x78 D:/Microchip Starter Kits/PIC32 Starter Kits/MPLAB C32 Suite/bin/../lib/gcc/pic32mx/3.4.4/../../../../pic32mx/lib\libc.a(default-on-reset.o)
                                 0xc2 (size before relaxing)
 .debug_str     0x00000605       0x80 D:/Microchip Starter Kits/PIC32 Starter Kits/MPLAB C32 Suite/bin/../lib/gcc/pic32mx/3.4.4/../../../../pic32mx/lib\libc.a(default-on-bootstrap.o)
                                 0xca (size before relaxing)
 .debug_str     0x00000685       0x71 D:/Microchip Starter Kits/PIC32 Starter Kits/MPLAB C32 Suite/bin/../lib/gcc/pic32mx/3.4.4/../../../../pic32mx/lib\libc.a(_mon_getc.o)
                                 0xbb (size before relaxing)
 .debug_str     0x000006f6       0x73 D:/Microchip Starter Kits/PIC32 Starter Kits/MPLAB C32 Suite/bin/../lib/gcc/pic32mx/3.4.4/../../../../pic32mx/lib\libc.a(_mon_write.o)
                                 0xbd (size before relaxing)
 .debug_str     0x00000769       0x69 D:/Microchip Starter Kits/PIC32 Starter Kits/MPLAB C32 Suite/bin/../lib/gcc/pic32mx/3.4.4/../../../../pic32mx/lib\libc.a(_exit.o)
                                 0xb3 (size before relaxing)
 .debug_str     0x000007d2       0x71 D:/Microchip Starter Kits/PIC32 Starter Kits/MPLAB C32 Suite/bin/../lib/gcc/pic32mx/3.4.4/../../../../pic32mx/lib\libc.a(_mon_putc.o)
                                 0xbb (size before relaxing)
 .debug_str     0x00000843       0x96 D:/Microchip Starter Kits/PIC32 Starter Kits/MPLAB C32 Suite/bin/../lib/gcc/pic32mx/3.4.4/../../../../pic32mx/lib\libmchp_peripheral_32MX795F512L.a(pcache.o)
                                 0xe0 (size before relaxing)
 .debug_str     0x000008d9       0x97 D:/Microchip Starter Kits/PIC32 Starter Kits/MPLAB C32 Suite/bin/../lib/gcc/pic32mx/3.4.4/../../../../pic32mx/lib\libmchp_peripheral_32MX795F512L.a(int_configure_system_lib.o)
                                 0xe1 (size before relaxing)
 .debug_str     0x00000970       0x99 D:/Microchip Starter Kits/PIC32 Starter Kits/MPLAB C32 Suite/bin/../lib/gcc/pic32mx/3.4.4/../../../../pic32mx/lib\libmchp_peripheral_32MX795F512L.a(int_enable_interrupts_lib.o)
                                 0xe3 (size before relaxing)
 .debug_str     0x00000a09       0x9b D:/Microchip Starter Kits/PIC32 Starter Kits/MPLAB C32 Suite/bin/../lib/gcc/pic32mx/3.4.4/../../../../pic32mx/lib\libmchp_peripheral_32MX795F512L.a(int_disable_interrupts_lib.o)
                                 0xe5 (size before relaxing)
 .debug_str     0x00000aa4       0x9b D:/Microchip Starter Kits/PIC32 Starter Kits/MPLAB C32 Suite/bin/../lib/gcc/pic32mx/3.4.4/../../../../pic32mx/lib\libmchp_peripheral_32MX795F512L.a(int_restore_interrupts_lib.o)
                                 0xe5 (size before relaxing)

.debug_loc
 *(.debug_loc)

.debug_macinfo
 *(.debug_macinfo)

.debug_weaknames
 *(.debug_weaknames)

.debug_funcnames
 *(.debug_funcnames)

.debug_typenames
 *(.debug_typenames)

.debug_varnames
 *(.debug_varnames)

/DISCARD/
 *(.note.GNU-stack)
OUTPUT(joystick.elf elf32-tradlittlemips)

.mdebug.abi32   0x9d00349c        0x0

.rel.dyn        0x9d00349c        0x0
